 sphinxbase

 Timestamp is 547d0d82 (Tue Dec 02 01:53:22 2014)

 Preferred load address is 10000000

 Start         Length     Name                   Class
 0001:00000000 00058bfaH .text$mn                CODE
 0002:00000000 00000104H .CRT$XCA                DATA
 0002:00000104 00000104H .CRT$XCZ                DATA
 0002:00000208 00000104H .CRT$XIA                DATA
 0002:0000030c 00000104H .CRT$XIAA               DATA
 0002:00000410 00000104H .CRT$XIC                DATA
 0002:00000514 00000104H .CRT$XIZ                DATA
 0002:00000620 0000a76cH .rdata                  DATA
 0002:0000ad8c 000001a3H .rdata$debug            DATA
 0002:0000af30 00000104H .rdata$sxdata           DATA
 0002:0000b034 00000104H .rtc$IAA                DATA
 0002:0000b138 00000203H .rtc$IMZ                DATA
 0002:0000b33c 00000104H .rtc$IZZ                DATA
 0002:0000b440 00000104H .rtc$TAA                DATA
 0002:0000b544 00000203H .rtc$TMZ                DATA
 0002:0000b748 00000104H .rtc$TZZ                DATA
 0002:0000b850 000001c4H .xdata$x                DATA
 0002:0000ba20 00003162H .edata                  DATA
 0003:00000000 00001ac3H .data                   DATA
 0003:00001ac8 00001640H .bss                    DATA
 0004:00000000 0000035cH .idata$5                DATA
 0004:0000035c 0000003cH .idata$2                DATA
 0004:00000398 00000014H .idata$3                DATA
 0004:000003ac 0000035cH .idata$4                DATA
 0004:00000708 00000a78H .idata$6                DATA
 0005:00000000 00000169H .rsrc$01                DATA
 0005:00000170 000002ccH .rsrc$02                DATA

  Address         Publics by Value              Rva+Base       Lib:Object

 0000:00000000       ___guard_fids_table        00000000     <absolute>
 0000:00000000       __except_list              00000000     <absolute>
 0000:00000000       ___guard_flags             00000000     <absolute>
 0000:00000000       ___guard_fids_count        00000000     <absolute>
 0000:00000001       ___safe_se_handler_count   00000001     <absolute>
 0000:00009876       __ldused                   00009876     <absolute>
 0000:00009876       __fltused                  00009876     <absolute>
 0000:00000000       ___ImageBase               10000000     <linker-defined>
 0001:00001e10       _cont_ad_attach            10002e10 f   cont_ad_base.obj
 0001:00001e70       _cont_ad_buffer_space      10002e70 f   cont_ad_base.obj
 0001:00001eb0       _cont_ad_calib             10002eb0 f   cont_ad_base.obj
 0001:00002070       _cont_ad_calib_loop        10003070 f   cont_ad_base.obj
 0001:00002210       _cont_ad_calib_size        10003210 f   cont_ad_base.obj
 0001:00002250       _cont_ad_classify          10003250 f   cont_ad_base.obj
 0001:000024e0       _cont_ad_close             100034e0 f   cont_ad_base.obj
 0001:000025c0       _cont_ad_detach            100035c0 f   cont_ad_base.obj
 0001:00002620       _cont_ad_frame_pow         10003620 f   cont_ad_base.obj
 0001:000027e0       _cont_ad_get_params        100037e0 f   cont_ad_base.obj
 0001:00002950       _cont_ad_init              10003950 f   cont_ad_base.obj
 0001:00002e40       _cont_ad_init_rawmode      10003e40 f   cont_ad_base.obj
 0001:00002eb0       _cont_ad_powhist_dump      10003eb0 f   cont_ad_base.obj
 0001:00003070       _cont_ad_read              10004070 f   cont_ad_base.obj
 0001:00004000       _cont_ad_reset             10005000 f   cont_ad_base.obj
 0001:00004120       _cont_ad_set_logfp         10005120 f   cont_ad_base.obj
 0001:00004170       _cont_ad_set_params        10005170 f   cont_ad_base.obj
 0001:00004480       _cont_ad_set_rawfp         10005480 f   cont_ad_base.obj
 0001:000044d0       _cont_ad_set_thresh        100054d0 f   cont_ad_base.obj
 0001:000045a0       _cont_set_thresh           100055a0 f   cont_ad_base.obj
 0001:00004ff0       _ad_close_play             10005ff0 f   play_win32.obj
 0001:00005090       _ad_open_play              10006090 f   play_win32.obj
 0001:000050e0       _ad_open_play_sps          100060e0 f   play_win32.obj
 0001:00005430       _ad_start_play             10006430 f   play_win32.obj
 0001:000054d0       _ad_stop_play              100064d0 f   play_win32.obj
 0001:00005610       _ad_write                  10006610 f   play_win32.obj
 0001:000060d0       _ad_close                  100070d0 f   rec_win32.obj
 0001:00006170       _ad_open                   10007170 f   rec_win32.obj
 0001:000061c0       _ad_open_dev               100071c0 f   rec_win32.obj
 0001:00006220       _ad_open_sps               10007220 f   rec_win32.obj
 0001:00006280       _ad_open_sps_bufsize       10007280 f   rec_win32.obj
 0001:000065f0       _ad_read                   100075f0 f   rec_win32.obj
 0001:000068a0       _ad_start_rec              100078a0 f   rec_win32.obj
 0001:000069b0       _ad_stop_rec               100079b0 f   rec_win32.obj
 0001:000073d0       _agc_emax                  100083d0 f   agc.obj
 0001:000074d0       _agc_emax_get              100084d0 f   agc.obj
 0001:00007520       _agc_emax_set              10008520 f   agc.obj
 0001:000075b0       _agc_emax_update           100085b0 f   agc.obj
 0001:00007700       _agc_free                  10008700 f   agc.obj
 0001:00007750       _agc_get_threshold         10008750 f   agc.obj
 0001:000077a0       _agc_init                  100087a0 f   agc.obj
 0001:00007820       _agc_max                   10008820 f   agc.obj
 0001:000079c0       _agc_noise                 100089c0 f   agc.obj
 0001:00007c00       _agc_set_threshold         10008c00 f   agc.obj
 0001:00007c40       _agc_type_from_str         10008c40 f   agc.obj
 0001:00007d10       _cmn                       10008d10 f   cmn.obj
 0001:00008190       _cmn_free                  10009190 f   cmn.obj
 0001:00008240       _cmn_init                  10009240 f   cmn.obj
 0001:000083c0       _cmn_type_from_str         100093c0 f   cmn.obj
 0001:00008490       _cmn_prior                 10009490 f   cmn_prior.obj
 0001:00008610       _cmn_prior_get             10009610 f   cmn_prior.obj
 0001:00008680       _cmn_prior_set             10009680 f   cmn_prior.obj
 0001:000089a0       _cmn_prior_update          100099a0 f   cmn_prior.obj
 0001:000093c0       _feat_array_alloc          1000a3c0 f   feat.obj
 0001:00009720       _feat_array_free           1000a720 f   feat.obj
 0001:000097a0       _feat_array_realloc        1000a7a0 f   feat.obj
 0001:00009d50       _feat_free                 1000ad50 f   feat.obj
 0001:00009ed0       _feat_init                 1000aed0 f   feat.obj
 0001:0000abc0       _feat_print                1000bbc0 f   feat.obj
 0001:0000adf0       _feat_report               1000bdf0 f   feat.obj
 0001:0000b0a0       _feat_retain               1000c0a0 f   feat.obj
 0001:0000b700       _feat_s2mfc2feat           1000c700 f   feat.obj
 0001:0000bc90       _feat_s2mfc2feat_live      1000cc90 f   feat.obj
 0001:0000d430       _feat_set_subvecs          1000e430 f   feat.obj
 0001:0000d850       _parse_subvecs             1000e850 f   feat.obj
 0001:0000de60       _subvecs_free              1000ee60 f   feat.obj
 0001:0000def0       _feat_lda_transform        1000eef0 f   lda.obj
 0001:0000e0e0       _feat_read_lda             1000f0e0 f   lda.obj
 0001:0000e5b0       _fe_end_utt                1000f5b0 f   fe_interface.obj
 0001:0000e660       _fe_float_to_mfcc          1000f660 f   fe_interface.obj
 0001:0000e720       _fe_free                   1000f720 f   fe_interface.obj
 0001:0000e920       _fe_get_args               1000f920 f   fe_interface.obj
 0001:0000e960       _fe_get_config             1000f960 f   fe_interface.obj
 0001:0000e9a0       _fe_get_input_size         1000f9a0 f   fe_interface.obj
 0001:0000ea00       _fe_get_output_size        1000fa00 f   fe_interface.obj
 0001:0000ea40       _fe_init_auto              1000fa40 f   fe_interface.obj
 0001:0000ea90       _fe_init_auto_r            1000fa90 f   fe_interface.obj
 0001:0000ef00       _fe_init_dither            1000ff00 f   fe_interface.obj
 0001:0000efe0       _fe_logspec_dct2           1000ffe0 f   fe_interface.obj
 0001:0000f0d0       _fe_logspec_to_mfcc        100100d0 f   fe_interface.obj
 0001:0000f1b0       _fe_mfcc_dct3              100101b0 f   fe_interface.obj
 0001:0000f290       _fe_mfcc_to_float          10010290 f   fe_interface.obj
 0001:0000f350       _fe_parse_general_params   10010350 f   fe_interface.obj
 0001:0000faa0       _fe_print_current          10010aa0 f   fe_interface.obj
 0001:0000fff0       _fe_process_frame          10010ff0 f   fe_interface.obj
 0001:00010060       _fe_process_frames         10011060 f   fe_interface.obj
 0001:000107e0       _fe_process_utt            100117e0 f   fe_interface.obj
 0001:000108e0       _fe_retain                 100118e0 f   fe_interface.obj
 0001:00010930       _fe_start_utt              10011930 f   fe_interface.obj
 0001:00010a20       _fe_build_melfilters       10011a20 f   fe_sigproc.obj
 0001:00011420       _fe_compute_melcosine      10012420 f   fe_sigproc.obj
 0001:000116c0       _fe_create_2d              100126c0 f   fe_sigproc.obj
 0001:00011730       _fe_create_hamming         10012730 f   fe_sigproc.obj
 0001:00011820       _fe_create_twiddle         10012820 f   fe_sigproc.obj
 0001:00011920       _fe_dct2                   10012920 f   fe_sigproc.obj
 0001:00011b50       _fe_dct3                   10012b50 f   fe_sigproc.obj
 0001:000121f0       _fe_free_2d                100131f0 f   fe_sigproc.obj
 0001:000123b0       _fe_lifter                 100133b0 f   fe_sigproc.obj
 0001:00012a30       _fe_read_frame             10013a30 f   fe_sigproc.obj
 0001:00012c00       _fe_shift_frame            10013c00 f   fe_sigproc.obj
 0001:00013020       _fe_spec2cep               10014020 f   fe_sigproc.obj
 0001:000133a0       _fe_write_frame            100143a0 f   fe_sigproc.obj
 0001:00013430       _fe_warp_doc               10014430 f   fe_warp.obj
 0001:00013520       _fe_warp_id                10014520 f   fe_warp.obj
 0001:00013620       _fe_warp_n_param           10014620 f   fe_warp.obj
 0001:00013710       _fe_warp_print             10014710 f   fe_warp.obj
 0001:00013800       _fe_warp_set               10014800 f   fe_warp.obj
 0001:00013a10       _fe_warp_set_parameters    10014a10 f   fe_warp.obj
 0001:00013b10       _fe_warp_unwarped_to_warped 10014b10 f   fe_warp.obj
 0001:00013c10       _fe_warp_warped_to_unwarped 10014c10 f   fe_warp.obj
 0001:00013d10       _fe_warp_affine_doc        10014d10 f   fe_warp_affine.obj
 0001:00013d50       _fe_warp_affine_id         10014d50 f   fe_warp_affine.obj
 0001:00013d90       _fe_warp_affine_n_param    10014d90 f   fe_warp_affine.obj
 0001:00013dd0       _fe_warp_affine_print      10014dd0 f   fe_warp_affine.obj
 0001:00013e90       _fe_warp_affine_set_parameters 10014e90 f   fe_warp_affine.obj
 0001:00014120       _fe_warp_affine_unwarped_to_warped 10015120 f   fe_warp_affine.obj
 0001:000141b0       _fe_warp_affine_warped_to_unwarped 100151b0 f   fe_warp_affine.obj
 0001:000142e0       _fe_warp_inverse_linear_doc 100152e0 f   fe_warp_inverse_linear.obj
 0001:00014320       _fe_warp_inverse_linear_id 10015320 f   fe_warp_inverse_linear.obj
 0001:00014350       _fe_warp_inverse_linear_n_param 10015350 f   fe_warp_inverse_linear.obj
 0001:00014390       _fe_warp_inverse_linear_print 10015390 f   fe_warp_inverse_linear.obj
 0001:00014450       _fe_warp_inverse_linear_set_parameters 10015450 f   fe_warp_inverse_linear.obj
 0001:000146e0       _fe_warp_inverse_linear_unwarped_to_warped 100156e0 f   fe_warp_inverse_linear.obj
 0001:00014750       _fe_warp_inverse_linear_warped_to_unwarped 10015750 f   fe_warp_inverse_linear.obj
 0001:00014860       _fe_warp_piecewise_linear_doc 10015860 f   fe_warp_piecewise_linear.obj
 0001:000148a0       _fe_warp_piecewise_linear_id 100158a0 f   fe_warp_piecewise_linear.obj
 0001:000148e0       _fe_warp_piecewise_linear_n_param 100158e0 f   fe_warp_piecewise_linear.obj
 0001:00014920       _fe_warp_piecewise_linear_print 10015920 f   fe_warp_piecewise_linear.obj
 0001:000149e0       _fe_warp_piecewise_linear_set_parameters 100159e0 f   fe_warp_piecewise_linear.obj
 0001:00014df0       _fe_warp_piecewise_linear_unwarped_to_warped 10015df0 f   fe_warp_piecewise_linear.obj
 0001:00014eb0       _fe_warp_piecewise_linear_warped_to_unwarped 10015eb0 f   fe_warp_piecewise_linear.obj
 0001:00015030       _fixlog                    10016030 f   fixlog.obj
 0001:000150b0       _fixlog2                   100160b0 f   fixlog.obj
 0001:00015380       _thresholded_search        10016380 f   yin.obj
 0001:00015430       _yin_end                   10016430 f   yin.obj
 0001:00015470       _yin_free                  10016470 f   yin.obj
 0001:000154f0       _yin_init                  100164f0 f   yin.obj
 0001:00015620       _yin_read                  10016620 f   yin.obj
 0001:00015ac0       _yin_start                 10016ac0 f   yin.obj
 0001:00015b10       _yin_write                 10016b10 f   yin.obj
 0001:00015c20       _fsg_arciter_free          10016c20 f   fsg_model.obj
 0001:00015ca0       _fsg_arciter_get           10016ca0 f   fsg_model.obj
 0001:00015d10       _fsg_arciter_next          10016d10 f   fsg_model.obj
 0001:00015e10       _fsg_model_add_alt         10016e10 f   fsg_model.obj
 0001:00016110       _fsg_model_add_silence     10017110 f   fsg_model.obj
 0001:00016340       _fsg_model_arcs            10017340 f   fsg_model.obj
 0001:00016460       _fsg_model_free            10017460 f   fsg_model.obj
 0001:000165f0       _fsg_model_init            100175f0 f   fsg_model.obj
 0001:00016720       _fsg_model_null_trans      10017720 f   fsg_model.obj
 0001:000167e0       _fsg_model_null_trans_add  100177e0 f   fsg_model.obj
 0001:00016840       _fsg_model_null_trans_closure 10017840 f   fsg_model.obj
 0001:00016b00       _fsg_model_read            10017b00 f   fsg_model.obj
 0001:000177c0       _fsg_model_readfile        100187c0 f   fsg_model.obj
 0001:000178b0       _fsg_model_retain          100188b0 f   fsg_model.obj
 0001:00017900       _fsg_model_tag_trans_add   10018900 f   fsg_model.obj
 0001:00017ae0       _fsg_model_trans           10018ae0 f   fsg_model.obj
 0001:00017bb0       _fsg_model_trans_add       10018bb0 f   fsg_model.obj
 0001:00017d30       _fsg_model_word_add        10018d30 f   fsg_model.obj
 0001:00017ec0       _fsg_model_word_id         10018ec0 f   fsg_model.obj
 0001:00017f70       _fsg_model_write           10018f70 f   fsg_model.obj
 0001:00018230       _fsg_model_write_fsm       10019230 f   fsg_model.obj
 0001:000184b0       _fsg_model_write_symtab    100194b0 f   fsg_model.obj
 0001:000185c0       _fsg_model_writefile       100195c0 f   fsg_model.obj
 0001:00018710       _fsg_model_writefile_fsm   10019710 f   fsg_model.obj
 0001:00018860       _fsg_model_writefile_symtab 10019860 f   fsg_model.obj
 0001:000193c0       _jsgf_add_link             1001a3c0 f   jsgf.obj
 0001:00019470       _jsgf_atom_free            1001a470 f   jsgf.obj
 0001:000194e0       _jsgf_atom_new             1001a4e0 f   jsgf.obj
 0001:00019580       _jsgf_build_fsg            1001a580 f   jsgf.obj
 0001:00019890       _jsgf_build_fsg_raw        1001a890 f   jsgf.obj
 0001:00019900       _jsgf_define_rule          1001a900 f   jsgf.obj
 0001:00019d90       _jsgf_get_rule             1001ad90 f   jsgf.obj
 0001:00019e30       _jsgf_grammar_free         1001ae30 f   jsgf.obj
 0001:0001a050       _jsgf_grammar_name         1001b050 f   jsgf.obj
 0001:0001a090       _jsgf_grammar_new          1001b090 f   jsgf.obj
 0001:0001a2a0       _jsgf_import_rule          1001b2a0 f   jsgf.obj
 0001:0001a8c0       _jsgf_kleene_new           1001b8c0 f   jsgf.obj
 0001:0001aa70       _jsgf_optional_new         1001ba70 f   jsgf.obj
 0001:0001ab40       _jsgf_parse_file           1001bb40 f   jsgf.obj
 0001:0001ad80       _jsgf_read_file            1001bd80 f   jsgf.obj
 0001:0001afc0       _jsgf_rule_free            1001bfc0 f   jsgf.obj
 0001:0001b080       _jsgf_rule_iter            1001c080 f   jsgf.obj
 0001:0001b0e0       _jsgf_rule_name            1001c0e0 f   jsgf.obj
 0001:0001b120       _jsgf_rule_public          1001c120 f   jsgf.obj
 0001:0001b160       _jsgf_rule_retain          1001c160 f   jsgf.obj
 0001:0001b1b0       _jsgf_write_fsg            1001c1b0 f   jsgf.obj
 0001:0001b3d0       _yyerror                   1001c3d0 f   jsgf_parser.obj
 0001:0001b470       _yyparse                   1001c470 f   jsgf_parser.obj
 0001:0001cf80       _yy_create_buffer          1001df80 f   jsgf_scanner.obj
 0001:0001d070       _yy_delete_buffer          1001e070 f   jsgf_scanner.obj
 0001:0001d200       _yy_flush_buffer           1001e200 f   jsgf_scanner.obj
 0001:0001deb0       _yy_scan_buffer            1001eeb0 f   jsgf_scanner.obj
 0001:0001dff0       _yy_scan_bytes             1001eff0 f   jsgf_scanner.obj
 0001:0001e110       _yy_scan_string            1001f110 f   jsgf_scanner.obj
 0001:0001e180       _yy_switch_to_buffer       1001f180 f   jsgf_scanner.obj
 0001:0001e420       _yyalloc                   1001f420 f   jsgf_scanner.obj
 0001:0001e600       _yyfree                    1001f600 f   jsgf_scanner.obj
 0001:0001e660       _yyget_column              1001f660 f   jsgf_scanner.obj
 0001:0001e700       _yyget_debug               1001f700 f   jsgf_scanner.obj
 0001:0001e740       _yyget_extra               1001f740 f   jsgf_scanner.obj
 0001:0001e780       _yyget_in                  1001f780 f   jsgf_scanner.obj
 0001:0001e7c0       _yyget_leng                1001f7c0 f   jsgf_scanner.obj
 0001:0001e800       _yyget_lineno              1001f800 f   jsgf_scanner.obj
 0001:0001e8a0       _yyget_lval                1001f8a0 f   jsgf_scanner.obj
 0001:0001e8e0       _yyget_out                 1001f8e0 f   jsgf_scanner.obj
 0001:0001e920       _yyget_text                1001f920 f   jsgf_scanner.obj
 0001:0001e960       _yylex                     1001f960 f   jsgf_scanner.obj
 0001:0001f3b0       _yylex_destroy             100203b0 f   jsgf_scanner.obj
 0001:0001f530       _yylex_init                10020530 f   jsgf_scanner.obj
 0001:0001f610       _yylex_init_extra          10020610 f   jsgf_scanner.obj
 0001:0001f760       _yypop_buffer_state        10020760 f   jsgf_scanner.obj
 0001:0001f8d0       _yypush_buffer_state       100208d0 f   jsgf_scanner.obj
 0001:0001fa50       _yyrealloc                 10020a50 f   jsgf_scanner.obj
 0001:0001fab0       _yyrestart                 10020ab0 f   jsgf_scanner.obj
 0001:0001fbe0       _yyset_column              10020be0 f   jsgf_scanner.obj
 0001:0001fca0       _yyset_debug               10020ca0 f   jsgf_scanner.obj
 0001:0001fcf0       _yyset_extra               10020cf0 f   jsgf_scanner.obj
 0001:0001fd30       _yyset_in                  10020d30 f   jsgf_scanner.obj
 0001:0001fd80       _yyset_lineno              10020d80 f   jsgf_scanner.obj
 0001:0001fe40       _yyset_lval                10020e40 f   jsgf_scanner.obj
 0001:0001fe90       _yyset_out                 10020e90 f   jsgf_scanner.obj
 0001:0001fee0       _free_sorted_list          10020ee0 f   lm3g_model.obj
 0001:0001ff40       _init_sorted_list          10020f40 f   lm3g_model.obj
 0001:00020010       _lm3g_add_ug               10021010 f   lm3g_model.obj
 0001:00020280       _lm3g_apply_weights        10021280 f   lm3g_model.obj
 0001:00020660       _lm3g_tginfo_free          10021660 f   lm3g_model.obj
 0001:000206e0       _lm3g_tginfo_reset         100216e0 f   lm3g_model.obj
 0001:00020790       _sorted_id                 10021790 f   lm3g_model.obj
 0001:00020a40       _vals_in_sorted_list       10021a40 f   lm3g_model.obj
 0001:00020af0       _classdef_free             10021af0 f   ngram_model.obj
 0001:00020bb0       _ngram_add_word_internal   10021bb0 f   ngram_model.obj
 0001:00020de0       _ngram_bg_score            10021de0 f   ngram_model.obj
 0001:00020e40       _ngram_class_add_word      10021e40 f   ngram_model.obj
 0001:00021130       _ngram_class_free          10022130 f   ngram_model.obj
 0001:000211b0       _ngram_class_new           100221b0 f   ngram_model.obj
 0001:000213f0       _ngram_class_prob          100223f0 f   ngram_model.obj
 0001:000214e0       _ngram_file_name_to_type   100224e0 f   ngram_model.obj
 0001:00021650       _ngram_iter                10022650 f   ngram_model.obj
 0001:000217b0       _ngram_iter_free           100227b0 f   ngram_model.obj
 0001:00021830       _ngram_iter_get            10022830 f   ngram_model.obj
 0001:000218a0       _ngram_iter_init           100228a0 f   ngram_model.obj
 0001:00021940       _ngram_iter_next           10022940 f   ngram_model.obj
 0001:000219b0       _ngram_iter_successors     100229b0 f   ngram_model.obj
 0001:00021a40       _ngram_model_add_class     10022a40 f   ngram_model.obj
 0001:00021cd0       _ngram_model_add_class_word 10022cd0 f   ngram_model.obj
 0001:00021f90       _ngram_model_add_word      10022f90 f   ngram_model.obj
 0001:000220d0       _ngram_model_apply_weights 100230d0 f   ngram_model.obj
 0001:00022160       _ngram_model_casefold      10023160 f   ngram_model.obj
 0001:00022370       _ngram_model_flush         10023370 f   ngram_model.obj
 0001:000223f0       _ngram_model_free          100233f0 f   ngram_model.obj
 0001:00022690       _ngram_model_get_counts    10023690 f   ngram_model.obj
 0001:000226e0       _ngram_model_get_size      100236e0 f   ngram_model.obj
 0001:00022730       _ngram_model_get_weights   10023730 f   ngram_model.obj
 0001:00022790       _ngram_model_init          10023790 f   ngram_model.obj
 0001:00022a10       _ngram_model_mgrams        10023a10 f   ngram_model.obj
 0001:00022ab0       _ngram_model_read          10023ab0 f   ngram_model.obj
 0001:00022d10       _ngram_model_read_classdef 10023d10 f   ngram_model.obj
 0001:00022eb0       _ngram_model_recode        10023eb0 f   ngram_model.obj
 0001:00022ef0       _ngram_model_retain        10023ef0 f   ngram_model.obj
 0001:00022f40       _ngram_model_write         10023f40 f   ngram_model.obj
 0001:00023090       _ngram_ng_iter             10024090 f   ngram_model.obj
 0001:00023130       _ngram_ng_prob             10024130 f   ngram_model.obj
 0001:000232a0       _ngram_ng_score            100242a0 f   ngram_model.obj
 0001:00023410       _ngram_prob                10024410 f   ngram_model.obj
 0001:000235a0       _ngram_score               100245a0 f   ngram_model.obj
 0001:00023730       _ngram_score_to_prob       10024730 f   ngram_model.obj
 0001:00023790       _ngram_str_to_type         10024790 f   ngram_model.obj
 0001:00023820       _ngram_tg_score            10024820 f   ngram_model.obj
 0001:000238e0       _ngram_type_to_str         100248e0 f   ngram_model.obj
 0001:00023950       _ngram_unknown_wid         10024950 f   ngram_model.obj
 0001:00023a00       _ngram_wid                 10024a00 f   ngram_model.obj
 0001:00023ab0       _ngram_word                10024ab0 f   ngram_model.obj
 0001:00023b10       _ngram_zero                10024b10 f   ngram_model.obj
 0001:00023b50       _read_classdef_file        10024b50 f   ngram_model.obj
 0001:00027760       _ngram_model_arpa_read     10028760 f   ngram_model_arpa.obj
 0001:00027f90       _ngram_model_arpa_write    10028f90 f   ngram_model_arpa.obj
 0001:0002a300       _ngram_model_dmp_build     1002b300 f   ngram_model_dmp.obj
 0001:0002b050       _ngram_model_dmp_read      1002c050 f   ngram_model_dmp.obj
 0001:0002d2e0       _ngram_model_dmp_write     1002e2e0 f   ngram_model_dmp.obj
 0001:0002e0e0       _ngram_model_dmp32_read    1002f0e0 f   ngram_model_dmp32.obj
 0001:0002e110       _ngram_model_dmp32_write   1002f110 f   ngram_model_dmp32.obj
 0001:0002f040       _ngram_model_set_add       10030040 f   ngram_model_set.obj
 0001:0002f400       _ngram_model_set_count     10030400 f   ngram_model_set.obj
 0001:0002f440       _ngram_model_set_current   10030440 f   ngram_model_set.obj
 0001:0002f4a0       _ngram_model_set_current_wid 100304a0 f   ngram_model_set.obj
 0001:0002f520       _ngram_model_set_init      10030520 f   ngram_model_set.obj
 0001:0002f900       _ngram_model_set_interp    10030900 f   ngram_model_set.obj
 0001:0002fab0       _ngram_model_set_iter      10030ab0 f   ngram_model_set.obj
 0001:0002fb40       _ngram_model_set_iter_free 10030b40 f   ngram_model_set.obj
 0001:0002fb90       _ngram_model_set_iter_model 10030b90 f   ngram_model_set.obj
 0001:0002fc00       _ngram_model_set_iter_next 10030c00 f   ngram_model_set.obj
 0001:0002fc90       _ngram_model_set_known_wid 10030c90 f   ngram_model_set.obj
 0001:0002fdd0       _ngram_model_set_lookup    10030dd0 f   ngram_model_set.obj
 0001:0002fec0       _ngram_model_set_map_words 10030ec0 f   ngram_model_set.obj
 0001:00030100       _ngram_model_set_read      10031100 f   ngram_model_set.obj
 0001:00030e90       _ngram_model_set_remove    10031e90 f   ngram_model_set.obj
 0001:000311c0       _ngram_model_set_select    100321c0 f   ngram_model_set.obj
 0001:000313b0       _bio_fread                 100323b0 f   bio.obj
 0001:00031480       _bio_fread_1d              10032480 f   bio.obj
 0001:00031600       _bio_fread_2d              10032600 f   bio.obj
 0001:000318c0       _bio_fread_3d              100328c0 f   bio.obj
 0001:00031c50       _bio_fwrite                10032c50 f   bio.obj
 0001:00031da0       _bio_hdrarg_free           10032da0 f   bio.obj
 0001:00031e60       _bio_read_wavfile          10032e60 f   bio.obj
 0001:00032240       _bio_readhdr               10033240 f   bio.obj
 0001:00032880       _bio_verify_chksum         10033880 f   bio.obj
 0001:000329f0       _bio_writehdr              100339f0 f   bio.obj
 0001:00032be0       _bio_writehdr_version      10033be0 f   bio.obj
 0001:00033280       _bitvec_count_set          10034280 f   bitvec.obj
 0001:000333a0       _bitvec_realloc            100343a0 f   bitvec.obj
 0001:00033460       _lsame_                    10034460 f   blas_lite.obj
 0001:00033720       _sdot_                     10034720 f   blas_lite.obj
 0001:00033ac0       _sgemm_                    10034ac0 f   blas_lite.obj
 0001:000348f0       _sgemv_                    100358f0 f   blas_lite.obj
 0001:00035320       _sscal_                    10036320 f   blas_lite.obj
 0001:00035660       _ssymm_                    10036660 f   blas_lite.obj
 0001:00036500       _ssyrk_                    10037500 f   blas_lite.obj
 0001:000373d0       _strsm_                    100383d0 f   blas_lite.obj
 0001:00038b80       _xerbla_                   10039b80 f   blas_lite.obj
 0001:00038c20       _lcase                     10039c20 f   case.obj
 0001:00038cc0       _strcmp_nocase             10039cc0 f   case.obj
 0001:00038e30       _strncmp_nocase            10039e30 f   case.obj
 0001:00038fb0       _ucase                     10039fb0 f   case.obj
 0001:00039050       ___ckd_alloc_2d_ptr        1003a050 f   ckd_alloc.obj
 0001:00039100       ___ckd_alloc_3d_ptr        1003a100 f   ckd_alloc.obj
 0001:00039230       ___ckd_calloc_2d__         1003a230 f   ckd_alloc.obj
 0001:00039310       ___ckd_calloc_3d__         1003a310 f   ckd_alloc.obj
 0001:00039490       ___ckd_calloc_4d__         1003a490 f   ckd_alloc.obj
 0001:000397e0       ___ckd_calloc__            1003a7e0 f   ckd_alloc.obj
 0001:00039880       ___ckd_malloc__            1003a880 f   ckd_alloc.obj
 0001:00039910       ___ckd_realloc__           1003a910 f   ckd_alloc.obj
 0001:000399a0       ___ckd_salloc__            1003a9a0 f   ckd_alloc.obj
 0001:00039a30       _ckd_fail                  1003aa30 f   ckd_alloc.obj
 0001:00039b20       _ckd_free                  1003ab20 f   ckd_alloc.obj
 0001:00039b90       _ckd_free_2d               1003ab90 f   ckd_alloc.obj
 0001:00039c10       _ckd_free_3d               1003ac10 f   ckd_alloc.obj
 0001:00039cd0       _ckd_free_4d               1003acd0 f   ckd_alloc.obj
 0001:00039db0       _ckd_set_jump              1003adb0 f   ckd_alloc.obj
 0001:0003aa40       _cmd_ln_access_r           1003ba40 f   cmd_ln.obj
 0001:0003ab20       _cmd_ln_appl_enter         1003bb20 f   cmd_ln.obj
 0001:0003ae30       _cmd_ln_appl_exit          1003be30 f   cmd_ln.obj
 0001:0003ae80       _cmd_ln_exists_r           1003be80 f   cmd_ln.obj
 0001:0003af50       _cmd_ln_float_r            1003bf50 f   cmd_ln.obj
 0001:0003afc0       _cmd_ln_free               1003bfc0 f   cmd_ln.obj
 0001:0003b020       _cmd_ln_free_r             1003c020 f   cmd_ln.obj
 0001:0003b200       _cmd_ln_get                1003c200 f   cmd_ln.obj
 0001:0003b240       _cmd_ln_init               1003c240 f   cmd_ln.obj
 0001:0003b440       _cmd_ln_int_r              1003c440 f   cmd_ln.obj
 0001:0003b4b0       _cmd_ln_parse              1003c4b0 f   cmd_ln.obj
 0001:0003b580       _cmd_ln_parse_file         1003c580 f   cmd_ln.obj
 0001:0003b610       _cmd_ln_parse_file_r       1003c610 f   cmd_ln.obj
 0001:0003bd00       _cmd_ln_parse_r            1003cd00 f   cmd_ln.obj
 0001:0003c6c0       _cmd_ln_print_help_r       1003d6c0 f   cmd_ln.obj
 0001:0003c770       _cmd_ln_retain             1003d770 f   cmd_ln.obj
 0001:0003c7c0       _cmd_ln_set_float_r        1003d7c0 f   cmd_ln.obj
 0001:0003c870       _cmd_ln_set_int_r          1003d870 f   cmd_ln.obj
 0001:0003c920       _cmd_ln_set_str_r          1003d920 f   cmd_ln.obj
 0001:0003ca10       _cmd_ln_str_list_r         1003da10 f   cmd_ln.obj
 0001:0003ca80       _cmd_ln_str_r              1003da80 f   cmd_ln.obj
 0001:0003caf0       _cmd_ln_val_free           1003daf0 f   cmd_ln.obj
 0001:0003f360       _sb_strtod                 10040360 f   dtoa.obj
 0001:00041920       __E__abort_error           10042920 f   err.obj
 0001:000419e0       __E__die_error             100429e0 f   err.obj
 0001:00041aa0       __E__fatal_sys_error       10042aa0 f   err.obj
 0001:00041bb0       __E__pr_header             10042bb0 f   err.obj
 0001:00041cd0       __E__pr_info               10042cd0 f   err.obj
 0001:00041d80       __E__pr_info_header        10042d80 f   err.obj
 0001:00041ea0       __E__pr_info_header_wofn   10042ea0 f   err.obj
 0001:00041f40       __E__pr_warn               10042f40 f   err.obj
 0001:00041ff0       __E__sys_error             10042ff0 f   err.obj
 0001:000420f0       _err_get_debug_level       100430f0 f   err.obj
 0001:00042120       _err_get_logfp             10043120 f   err.obj
 0001:000421e0       _err_set_debug_level       100431e0 f   err.obj
 0001:00042210       _err_set_logfile           10043210 f   err.obj
 0001:00042310       _err_set_logfp             10043310 f   err.obj
 0001:000423e0       _logfp_index_alloc         100433e0 f   err.obj
 0001:00042440       _do_fio                    10043440 f   f2c_lite.obj
 0001:00042470       _e_wsfe                    10043470 f   f2c_lite.obj
 0001:000424a0       _f__cabs                   100434a0 f   f2c_lite.obj
 0001:00042600       _i_dnnt                    10043600 f   f2c_lite.obj
 0001:00042700       _pow_dd                    10043700 f   f2c_lite.obj
 0001:00042770       _pow_ii                    10043770 f   f2c_lite.obj
 0001:00042870       _pow_ri                    10043870 f   f2c_lite.obj
 0001:00042950       _r_imag                    10043950 f   f2c_lite.obj
 0001:000429a0       _r_lg10                    100439a0 f   f2c_lite.obj
 0001:00042a30       _r_sign                    10043a30 f   f2c_lite.obj
 0001:00042b00       _s_cat                     10043b00 f   f2c_lite.obj
 0001:00042c00       _s_cmp                     10043c00 f   f2c_lite.obj
 0001:00042d80       _s_cnjg                    10043d80 f   f2c_lite.obj
 0001:00042de0       _s_copy                    10043de0 f   f2c_lite.obj
 0001:00042eb0       _s_rnge                    10043eb0 f   f2c_lite.obj
 0001:00042fb0       _s_stop                    10043fb0 f   f2c_lite.obj
 0001:00043110       _s_wsfe                    10044110 f   f2c_lite.obj
 0001:00043140       _z_abs                     10044140 f   f2c_lite.obj
 0001:000431b0       _z_div                     100441b0 f   f2c_lite.obj
 0001:000433a0       _z_sqrt                    100443a0 f   f2c_lite.obj
 0001:00043560       _path2basename             10044560 f   filename.obj
 0001:00043620       _path2dirname              10044620 f   filename.obj
 0001:00043700       _path_is_absolute          10044700 f   filename.obj
 0001:00043830       _strip_fileext             10044830 f   filename.obj
 0001:00043900       _genrand_int31             10044900 f   genrand.obj
 0001:00043950       _genrand_int32             10044950 f   genrand.obj
 0001:00043bc0       _genrand_real1             10044bc0 f   genrand.obj
 0001:00043c50       _genrand_real2             10044c50 f   genrand.obj
 0001:00043ce0       _genrand_real3             10044ce0 f   genrand.obj
 0001:00043d80       _genrand_res53             10044d80 f   genrand.obj
 0001:00043e60       _genrand_seed              10044e60 f   genrand.obj
 0001:00043eb0       _init_genrand              10044eb0 f   genrand.obj
 0001:00043f90       _glist_add_float32         10044f90 f   glist.obj
 0001:00044010       _glist_add_float64         10045010 f   glist.obj
 0001:00044090       _glist_add_int32           10045090 f   glist.obj
 0001:00044110       _glist_add_ptr             10045110 f   glist.obj
 0001:00044190       _glist_add_uint32          10045190 f   glist.obj
 0001:00044210       _glist_count               10045210 f   glist.obj
 0001:00044280       _glist_free                10045280 f   glist.obj
 0001:000442f0       _glist_insert_float32      100452f0 f   glist.obj
 0001:00044380       _glist_insert_float64      10045380 f   glist.obj
 0001:00044410       _glist_insert_int32        10045410 f   glist.obj
 0001:000444a0       _glist_insert_ptr          100454a0 f   glist.obj
 0001:00044530       _glist_insert_uint32       10045530 f   glist.obj
 0001:000445c0       _glist_reverse             100455c0 f   glist.obj
 0001:00044640       _glist_tail                10045640 f   glist.obj
 0001:000446b0       _gnode_free                100456b0 f   glist.obj
 0001:00044ab0       _hash_table_delete         10045ab0 f   hash_table.obj
 0001:00044b40       _hash_table_delete_bkey    10045b40 f   hash_table.obj
 0001:00044be0       _hash_table_display        10045be0 f   hash_table.obj
 0001:00044dd0       _hash_table_empty          10045dd0 f   hash_table.obj
 0001:00044eb0       _hash_table_enter          10045eb0 f   hash_table.obj
 0001:00044f40       _hash_table_enter_bkey     10045f40 f   hash_table.obj
 0001:00044ff0       _hash_table_free           10045ff0 f   hash_table.obj
 0001:000450d0       _hash_table_iter           100460d0 f   hash_table.obj
 0001:00045150       _hash_table_iter_free      10046150 f   hash_table.obj
 0001:000451a0       _hash_table_iter_next      100461a0 f   hash_table.obj
 0001:000452b0       _hash_table_lookup         100462b0 f   hash_table.obj
 0001:00045370       _hash_table_lookup_bkey    10046370 f   hash_table.obj
 0001:00045440       _hash_table_lookup_bkey_int32 10046440 f   hash_table.obj
 0001:00045500       _hash_table_lookup_int32   10046500 f   hash_table.obj
 0001:000455c0       _hash_table_new            100465c0 f   hash_table.obj
 0001:000456b0       _hash_table_replace        100466b0 f   hash_table.obj
 0001:00045740       _hash_table_replace_bkey   10046740 f   hash_table.obj
 0001:000457f0       _hash_table_tolist         100467f0 f   hash_table.obj
 0001:00045f20       _heap_destroy              10046f20 f   heap.obj
 0001:00045fe0       _heap_insert               10046fe0 f   heap.obj
 0001:00046050       _heap_new                  10047050 f   heap.obj
 0001:000460c0       _heap_pop                  100470c0 f   heap.obj
 0001:00046150       _heap_remove               10047150 f   heap.obj
 0001:00046390       _heap_size                 10047390 f   heap.obj
 0001:000463f0       _heap_top                  100473f0 f   heap.obj
 0001:00046770       _huff_code_attach          10047770 f   huff_code.obj
 0001:00046810       _huff_code_build_int       10047810 f   huff_code.obj
 0001:000469b0       _huff_code_build_str       100479b0 f   huff_code.obj
 0001:00047620       _huff_code_decode_int      10048620 f   huff_code.obj
 0001:000476e0       _huff_code_decode_str      100486e0 f   huff_code.obj
 0001:00047790       _huff_code_detach          10048790 f   huff_code.obj
 0001:00047830       _huff_code_dump            10048830 f   huff_code.obj
 0001:00047a70       _huff_code_dump_codebits   10048a70 f   huff_code.obj
 0001:00047b30       _huff_code_encode_int      10048b30 f   huff_code.obj
 0001:00047c20       _huff_code_encode_str      10048c20 f   huff_code.obj
 0001:00047d10       _huff_code_free            10048d10 f   huff_code.obj
 0001:00047ea0       _huff_code_read            10048ea0 f   huff_code.obj
 0001:000483f0       _huff_code_retain          100493f0 f   huff_code.obj
 0001:00048440       _huff_code_write           10049440 f   huff_code.obj
 0001:00048a80       _print_appl_info           10049a80 f   info.obj
 0001:00048b10       ___listelem_free__         10049b10 f   listelem_alloc.obj
 0001:00048b70       ___listelem_malloc__       10049b70 f   listelem_alloc.obj
 0001:00048c10       ___listelem_malloc_id__    10049c10 f   listelem_alloc.obj
 0001:00048fa0       _listelem_alloc_free       10049fa0 f   listelem_alloc.obj
 0001:00049060       _listelem_alloc_init       1004a060 f   listelem_alloc.obj
 0001:00049200       _listelem_get_item         1004a200 f   listelem_alloc.obj
 0001:00049310       _listelem_stats            1004a310 f   listelem_alloc.obj
 0001:000494c0       _logmath_add               1004a4c0 f   logmath.obj
 0001:00049630       _logmath_add_exact         1004a630 f   logmath.obj
 0001:000496f0       _logmath_exp               1004a6f0 f   logmath.obj
 0001:00049770       _logmath_free              1004a770 f   logmath.obj
 0001:00049840       _logmath_get_base          1004a840 f   logmath.obj
 0001:00049880       _logmath_get_shift         1004a880 f   logmath.obj
 0001:000498c0       _logmath_get_table_shape   1004a8c0 f   logmath.obj
 0001:00049950       _logmath_get_width         1004a950 f   logmath.obj
 0001:00049990       _logmath_get_zero          1004a990 f   logmath.obj
 0001:000499d0       _logmath_init              1004a9d0 f   logmath.obj
 0001:00049f10       _logmath_ln_to_log         1004af10 f   logmath.obj
 0001:00049f60       _logmath_log               1004af60 f   logmath.obj
 0001:0004a010       _logmath_log10_to_log      1004b010 f   logmath.obj
 0001:0004a060       _logmath_log_to_ln         1004b060 f   logmath.obj
 0001:0004a0c0       _logmath_log_to_log10      1004b0c0 f   logmath.obj
 0001:0004a120       _logmath_read              1004b120 f   logmath.obj
 0001:0004a8b0       _logmath_retain            1004b8b0 f   logmath.obj
 0001:0004a900       _logmath_write             1004b900 f   logmath.obj
 0001:0004add0       _accum_3d                  1004bdd0 f   matrix.obj
 0001:0004aed0       _band_nz_1d                1004bed0 f   matrix.obj
 0001:0004aff0       _determinant               1004bff0 f   matrix.obj
 0001:0004b1d0       _floor_nz_1d               1004c1d0 f   matrix.obj
 0001:0004b270       _floor_nz_3d               1004c270 f   matrix.obj
 0001:0004b390       _invert                    1004c390 f   matrix.obj
 0001:0004b590       _matrixadd                 1004c590 f   matrix.obj
 0001:0004b650       _matrixmultiply            1004c650 f   matrix.obj
 0001:0004b780       _norm_3d                   1004c780 f   matrix.obj
 0001:0004b8e0       _outerproduct              1004c8e0 f   matrix.obj
 0001:0004ba00       _scalarmultiply            1004ca00 f   matrix.obj
 0001:0004bb20       _solve                     1004cb20 f   matrix.obj
 0001:0004bcc0       _mmio_file_ptr             1004ccc0 f   mmio.obj
 0001:0004bd00       _mmio_file_read            1004cd00 f   mmio.obj
 0001:0004bec0       _mmio_file_unmap           1004cec0 f   mmio.obj
 0001:0004bf70       _bit_encode_attach         1004cf70 f   pio.obj
 0001:0004bff0       _bit_encode_flush          1004cff0 f   pio.obj
 0001:0004c070       _bit_encode_free           1004d070 f   pio.obj
 0001:0004c110       _bit_encode_retain         1004d110 f   pio.obj
 0001:0004c160       _bit_encode_write          1004d160 f   pio.obj
 0001:0004c2b0       _bit_encode_write_cw       1004d2b0 f   pio.obj
 0001:0004c3c0       _build_directory           1004d3c0 f   pio.obj
 0001:0004c540       _fclose_comp               1004d540 f   pio.obj
 0001:0004c5b0       _fopen_comp                1004d5b0 f   pio.obj
 0001:0004c6a0       _fopen_compchk             1004d6a0 f   pio.obj
 0001:0004c710       _fread_line                1004d710 f   pio.obj
 0001:0004c910       _fread_retry               1004d910 f   pio.obj
 0001:0004ca30       _lineiter_free             1004da30 f   pio.obj
 0001:0004caa0       _lineiter_lineno           1004daa0 f   pio.obj
 0001:0004cae0       _lineiter_next             1004dae0 f   pio.obj
 0001:0004cde0       _lineiter_start            1004dde0 f   pio.obj
 0001:0004cf40       _lineiter_start_clean      1004df40 f   pio.obj
 0001:0004d060       _stat_mtime                1004e060 f   pio.obj
 0001:0004d120       _stat_retry                1004e120 f   pio.obj
 0001:0004d1e0       _host_endian               1004e1e0 f   profile.obj
 0001:0004d630       _pctr_free                 1004e630 f   profile.obj
 0001:0004d6a0       _pctr_increment            1004e6a0 f   profile.obj
 0001:0004d6f0       _pctr_new                  1004e6f0 f   profile.obj
 0001:0004d790       _pctr_print                1004e790 f   profile.obj
 0001:0004d830       _pctr_reset                1004e830 f   profile.obj
 0001:0004d870       _ptmr_init                 1004e870 f   profile.obj
 0001:0004d8f0       _ptmr_print_all            1004e8f0 f   profile.obj
 0001:0004d9c0       _ptmr_reset                1004e9c0 f   profile.obj
 0001:0004da20       _ptmr_reset_all            1004ea20 f   profile.obj
 0001:0004da90       _ptmr_start                1004ea90 f   profile.obj
 0001:0004dc20       _ptmr_stop                 1004ec20 f   profile.obj
 0001:0004ded0       _sbevent_free              1004eed0 f   sbthread.obj
 0001:0004df40       _sbevent_init              1004ef40 f   sbthread.obj
 0001:0004dff0       _sbevent_signal            1004eff0 f   sbthread.obj
 0001:0004e070       _sbevent_wait              1004f070 f   sbthread.obj
 0001:0004e0e0       _sbmsgq_free               1004f0e0 f   sbthread.obj
 0001:0004e170       _sbmsgq_init               1004f170 f   sbthread.obj
 0001:0004e2a0       _sbmsgq_send               1004f2a0 f   sbthread.obj
 0001:0004e520       _sbmsgq_wait               1004f520 f   sbthread.obj
 0001:0004e7c0       _sbmtx_free                1004f7c0 f   sbthread.obj
 0001:0004e830       _sbmtx_init                1004f830 f   sbthread.obj
 0001:0004e8b0       _sbmtx_lock                1004f8b0 f   sbthread.obj
 0001:0004e910       _sbmtx_trylock             1004f910 f   sbthread.obj
 0001:0004e990       _sbmtx_unlock              1004f990 f   sbthread.obj
 0001:0004e9f0       _sbthread_arg              1004f9f0 f   sbthread.obj
 0001:0004ea30       _sbthread_config           1004fa30 f   sbthread.obj
 0001:0004ea70       _sbthread_free             1004fa70 f   sbthread.obj
 0001:0004eae0       _sbthread_internal_main@4  1004fae0 f   sbthread.obj
 0001:0004eb50       _sbthread_msgq             1004fb50 f   sbthread.obj
 0001:0004eb90       _sbthread_send             1004fb90 f   sbthread.obj
 0001:0004ebf0       _sbthread_start            1004fbf0 f   sbthread.obj
 0001:0004ecf0       _sbthread_wait             1004fcf0 f   sbthread.obj
 0001:0004ee30       _slamc1_                   1004fe30 f   slamch.obj
 0001:0004f3f0       _slamc2_                   100503f0 f   slamch.obj
 0001:0004ff90       _slamc3_                   10050f90 f   slamch.obj
 0001:0004ffe0       _slamc4_                   10050fe0 f   slamch.obj
 0001:000503b0       _slamc5_                   100513b0 f   slamch.obj
 0001:00050730       _slamch_                   10051730 f   slamch.obj
 0001:00050be0       _ieeeck_                   10051be0 f   slapack_lite.obj
 0001:00051020       _ilaenv_                   10052020 f   slapack_lite.obj
 0001:00052e70       _sposv_                    10053e70 f   slapack_lite.obj
 0001:000530f0       _spotf2_                   100540f0 f   slapack_lite.obj
 0001:00053820       _spotrf_                   10054820 f   slapack_lite.obj
 0001:00054150       _spotrs_                   10055150 f   slapack_lite.obj
 0001:000544f0       _atof_c                    100554f0 f   strfuncs.obj
 0001:00054540       _nextword                  10055540 f   strfuncs.obj
 0001:00054690       _str2words                 10055690 f   strfuncs.obj
 0001:00054850       _string_join               10055850 f   strfuncs.obj
 0001:00054980       _string_trim               10055980 f   strfuncs.obj
 0001:00054ad0       _unlimit                   10055ad0 f   unlimit.obj
 0001:00054b00       _utf8_decode               10055b00 f   utf8.obj
 0001:00054bb0       _waveOutGetErrorTextA@12   10055bb0 f   winmm:WINMM.dll
 0001:00054bb6       _waveOutOpen@24            10055bb6 f   winmm:WINMM.dll
 0001:00054bbc       _waveOutClose@4            10055bbc f   winmm:WINMM.dll
 0001:00054bc2       _waveOutPrepareHeader@12   10055bc2 f   winmm:WINMM.dll
 0001:00054bc8       _waveOutUnprepareHeader@12 10055bc8 f   winmm:WINMM.dll
 0001:00054bce       _waveOutWrite@12           10055bce f   winmm:WINMM.dll
 0001:00054bd4       _waveInGetErrorTextA@12    10055bd4 f   winmm:WINMM.dll
 0001:00054bda       _waveInOpen@24             10055bda f   winmm:WINMM.dll
 0001:00054be0       _waveInClose@4             10055be0 f   winmm:WINMM.dll
 0001:00054be6       _waveInPrepareHeader@12    10055be6 f   winmm:WINMM.dll
 0001:00054bec       _waveInUnprepareHeader@12  10055bec f   winmm:WINMM.dll
 0001:00054bf2       _waveInAddBuffer@12        10055bf2 f   winmm:WINMM.dll
 0001:00054bf8       _waveInStart@4             10055bf8 f   winmm:WINMM.dll
 0001:00054bfe       _waveInStop@4              10055bfe f   winmm:WINMM.dll
 0001:00054c04       _waveInReset@4             10055c04 f   winmm:WINMM.dll
 0001:00054c0a       _Sleep@4                   10055c0a f   kernel32:KERNEL32.dll
 0001:00054c10       _GlobalAlloc@8             10055c10 f   kernel32:KERNEL32.dll
 0001:00054c16       _GlobalLock@4              10055c16 f   kernel32:KERNEL32.dll
 0001:00054c1c       _GlobalUnlock@4            10055c1c f   kernel32:KERNEL32.dll
 0001:00054c22       _GlobalFree@4              10055c22 f   kernel32:KERNEL32.dll
 0001:00054c28       _TlsAlloc@0                10055c28 f   kernel32:KERNEL32.dll
 0001:00054c2e       _TlsGetValue@4             10055c2e f   kernel32:KERNEL32.dll
 0001:00054c34       _TlsSetValue@8             10055c34 f   kernel32:KERNEL32.dll
 0001:00054c3a       _CreateFileA@28            10055c3a f   kernel32:KERNEL32.dll
 0001:00054c40       _CloseHandle@4             10055c40 f   kernel32:KERNEL32.dll
 0001:00054c46       _GetLastError@0            10055c46 f   kernel32:KERNEL32.dll
 0001:00054c4c       _MapViewOfFile@20          10055c4c f   kernel32:KERNEL32.dll
 0001:00054c52       _UnmapViewOfFile@4         10055c52 f   kernel32:KERNEL32.dll
 0001:00054c58       _CreateFileMappingA@24     10055c58 f   kernel32:KERNEL32.dll
 0001:00054c5e       _GetProcessTimes@20        10055c5e f   kernel32:KERNEL32.dll
 0001:00054c64       _GetCurrentProcess@0       10055c64 f   kernel32:KERNEL32.dll
 0001:00054c6a       _InitializeCriticalSection@4 10055c6a f   kernel32:KERNEL32.dll
 0001:00054c70       _EnterCriticalSection@4    10055c70 f   kernel32:KERNEL32.dll
 0001:00054c76       _LeaveCriticalSection@4    10055c76 f   kernel32:KERNEL32.dll
 0001:00054c7c       _TryEnterCriticalSection@4 10055c7c f   kernel32:KERNEL32.dll
 0001:00054c82       _DeleteCriticalSection@4   10055c82 f   kernel32:KERNEL32.dll
 0001:00054c88       _SetEvent@4                10055c88 f   kernel32:KERNEL32.dll
 0001:00054c8e       _WaitForSingleObject@8     10055c8e f   kernel32:KERNEL32.dll
 0001:00054c94       _CreateEventW@16           10055c94 f   kernel32:KERNEL32.dll
 0001:00054c9a       _CreateThread@24           10055c9a f   kernel32:KERNEL32.dll
 0001:00054ca0       _GetExitCodeThread@8       10055ca0 f   kernel32:KERNEL32.dll
 0001:00054ca6       ___iob_func                10055ca6 f   MSVCRTD:MSVCR120D.dll
 0001:00054cac       _fflush                    10055cac f   MSVCRTD:MSVCR120D.dll
 0001:00054cb2       _fprintf                   10055cb2 f   MSVCRTD:MSVCR120D.dll
 0001:00054cb8       _fwrite                    10055cb8 f   MSVCRTD:MSVCR120D.dll
 0001:00054cbe       _calloc                    10055cbe f   MSVCRTD:MSVCR120D.dll
 0001:00054cc4       _free                      10055cc4 f   MSVCRTD:MSVCR120D.dll
 0001:00054cca       _malloc                    10055cca f   MSVCRTD:MSVCR120D.dll
 0001:00054cd0       _memcpy                    10055cd0 f   MSVCRTD:MSVCR120D.dll
 0001:00054cd6       __wassert                  10055cd6 f   MSVCRTD:MSVCR120D.dll
 0001:00054cdc       _log10                     10055cdc f   MSVCRTD:MSVCR120D.dll
 0001:00054cf0       @_RTC_AllocaHelper@12      10055cf0 f   MSVCRTD:stack.obj
 0001:00054d30       @_RTC_CheckStackVars2@12   10055d30 f   MSVCRTD:stack.obj
 0001:00054e10       @_RTC_CheckStackVars@8     10055e10 f   MSVCRTD:stack.obj
 0001:00054e70       __RTC_CheckEsp             10055e70 f   MSVCRTD:stack.obj
 0001:00054ea0       __RTC_InitBase             10055ea0 f   MSVCRTD:init.obj
 0001:00054ed0       __RTC_Shutdown             10055ed0 f   MSVCRTD:init.obj
 0001:00054ef0       @__security_check_cookie@4 10055ef0 f   MSVCRTD:secchk.obj
 0001:00054f00       _printf                    10055f00 f   MSVCRTD:MSVCR120D.dll
 0001:00054f06       _strcmp                    10055f06 f   MSVCRTD:MSVCR120D.dll
 0001:00054f0c       _memset                    10055f0c f   MSVCRTD:MSVCR120D.dll
 0001:00054f12       _sqrt                      10055f12 f   MSVCRTD:MSVCR120D.dll
 0001:00054f18       _strlen                    10055f18 f   MSVCRTD:MSVCR120D.dll
 0001:00054f1e       _strerror                  10055f1e f   MSVCRTD:MSVCR120D.dll
 0001:00054f24       _strncmp                   10055f24 f   MSVCRTD:MSVCR120D.dll
 0001:00054f2a       _fclose                    10055f2a f   MSVCRTD:MSVCR120D.dll
 0001:00054f30       _fopen                     10055f30 f   MSVCRTD:MSVCR120D.dll
 0001:00054f36       _fseek                     10055f36 f   MSVCRTD:MSVCR120D.dll
 0001:00054f3c       _sscanf                    10055f3c f   MSVCRTD:MSVCR120D.dll
 0001:00054f42       _sprintf                   10055f42 f   MSVCRTD:MSVCR120D.dll
 0001:00054f48       __errno                    10055f48 f   MSVCRTD:MSVCR120D.dll
 0001:00054f4e       _atoi                      10055f4e f   MSVCRTD:MSVCR120D.dll
 0001:00054f54       _memmove                   10055f54 f   MSVCRTD:MSVCR120D.dll
 0001:00054f5a       __time64                   10055f5a f   MSVCRTD:MSVCR120D.dll
 0001:00054f60       _cos                       10055f60 f   MSVCRTD:MSVCR120D.dll
 0001:00054f66       _log                       10055f66 f   MSVCRTD:MSVCR120D.dll
 0001:00054f6c       _pow                       10055f6c f   MSVCRTD:MSVCR120D.dll
 0001:00054f72       _sin                       10055f72 f   MSVCRTD:MSVCR120D.dll
 0001:00054f78       _strcpy                    10055f78 f   MSVCRTD:MSVCR120D.dll
 0001:00054f7e       _strtok                    10055f7e f   MSVCRTD:MSVCR120D.dll
 0001:00054f90       __allmul                   10055f90 f   MSVCRTD:llmul.obj
 0001:00054fd0       __allshr                   10055fd0 f   MSVCRTD:llshr.obj
 0001:00054ff2       _strcat                    10055ff2 f   MSVCRTD:MSVCR120D.dll
 0001:00054ff8       _strchr                    10055ff8 f   MSVCRTD:MSVCR120D.dll
 0001:00054ffe       _strrchr                   10055ffe f   MSVCRTD:MSVCR120D.dll
 0001:00055004       _getenv                    10056004 f   MSVCRTD:MSVCR120D.dll
 0001:00055010       ___raise_securityfailure   10056010 f   MSVCRTD:gs_report.obj
 0001:00055060       ___report_gsfailure        10056060 f   MSVCRTD:gs_report.obj
 0001:00055170       ___report_rangecheckfailure 10056170 f   MSVCRTD:gs_report.obj
 0001:00055180       ___report_securityfailure  10056180 f   MSVCRTD:gs_report.obj
 0001:00055260       ___report_securityfailureEx 10056260 f   MSVCRTD:gs_report.obj
 0001:00055386       _clearerr                  10056386 f   MSVCRTD:MSVCR120D.dll
 0001:0005538c       _ferror                    1005638c f   MSVCRTD:MSVCR120D.dll
 0001:00055392       _fread                     10056392 f   MSVCRTD:MSVCR120D.dll
 0001:00055398       _getc                      10056398 f   MSVCRTD:MSVCR120D.dll
 0001:0005539e       _exit                      1005639e f   MSVCRTD:MSVCR120D.dll
 0001:000553a4       _realloc                   100563a4 f   MSVCRTD:MSVCR120D.dll
 0001:000553aa       _feof                      100563aa f   MSVCRTD:MSVCR120D.dll
 0001:000553b0       _fgets                     100563b0 f   MSVCRTD:MSVCR120D.dll
 0001:000553b6       _ftell                     100563b6 f   MSVCRTD:MSVCR120D.dll
 0001:00055510       ?_RTC_AllocaFailure@@YAXPAXPAU_RTC_ALLOCA_NODE@@H@Z 10056510 f   MSVCRTD:error.obj
 0001:00055690       ?_RTC_Failure@@YAXPAXH@Z   10056690 f   MSVCRTD:error.obj
 0001:000556e0       ?_RTC_StackFailure@@YAXPAXPBD@Z 100566e0 f   MSVCRTD:error.obj
 0001:00055a60       __RTC_UninitUse            10056a60 f   MSVCRTD:error.obj
 0001:00055b4e       _qsort                     10056b4e f   MSVCRTD:MSVCR120D.dll
 0001:00055b54       _fscanf                    10056b54 f   MSVCRTD:MSVCR120D.dll
 0001:00055b60       __alloca_probe             10056b60 f   MSVCRTD:chkstk.obj
 0001:00055b60       __chkstk                   10056b60 f   MSVCRTD:chkstk.obj
 0001:00055b8c       _vfprintf                  10056b8c f   MSVCRTD:MSVCR120D.dll
 0001:00055b92       _abort                     10056b92 f   MSVCRTD:MSVCR120D.dll
 0001:00055b98       _longjmp                   10056b98 f   MSVCRTD:MSVCR120D.dll
 0001:00055b9e       _fgetc                     10056b9e f   MSVCRTD:MSVCR120D.dll
 0001:00055ba4       _strncat                   10056ba4 f   MSVCRTD:MSVCR120D.dll
 0001:00055baa       _strncpy                   10056baa f   MSVCRTD:MSVCR120D.dll
 0001:00055bb0       _strstr                    10056bb0 f   MSVCRTD:MSVCR120D.dll
 0001:00055bc0       __ftoui3                   10056bc0 f   MSVCRTD:ftol3.obj
 0001:00055bcf       __ftoul3                   10056bcf f   MSVCRTD:ftol3.obj
 0001:00055bde       __ftol3                    10056bde f   MSVCRTD:ftol3.obj
 0001:00055beb       __ftol3_NaN                10056beb f   MSVCRTD:ftol3.obj
 0001:00055c03       __ftol3_work               10056c03 f   MSVCRTD:ftol3.obj
 0001:00055c89       __ftol3_common             10056c89 f   MSVCRTD:ftol3.obj
 0001:00055d4b       __ftol3_arg_error          10056d4b f   MSVCRTD:ftol3.obj
 0001:00055d5d       __ftol3_except             10056d5d f   MSVCRTD:ftol3.obj
 0001:00055da1       __dtoui3                   10056da1 f   MSVCRTD:ftol3.obj
 0001:00055db0       __dtoul3                   10056db0 f   MSVCRTD:ftol3.obj
 0001:00055dbf       __dtol3                    10056dbf f   MSVCRTD:ftol3.obj
 0001:00055dcc       __dtol3_NaN                10056dcc f   MSVCRTD:ftol3.obj
 0001:00055de9       __dtol3_work               10056de9 f   MSVCRTD:ftol3.obj
 0001:00055ece       __ultod3                   10056ece f   MSVCRTD:ftol3.obj
 0001:00055f5f       __ltod3                    10056f5f f   MSVCRTD:ftol3.obj
 0001:00055f8e       _floor                     10056f8e f   MSVCRTD:MSVCR120D.dll
 0001:00055f94       _putc                      10056f94 f   MSVCRTD:MSVCR120D.dll
 0001:00055f9a       _fputc                     10056f9a f   MSVCRTD:MSVCR120D.dll
 0001:00055fa0       _ungetc                    10056fa0 f   MSVCRTD:MSVCR120D.dll
 0001:00055fa6       __stat64i32                10056fa6 f   MSVCRTD:MSVCR120D.dll
 0001:00055fac       _clock                     10056fac f   MSVCRTD:MSVCR120D.dll
 0001:00055fb2       _strspn                    10056fb2 f   MSVCRTD:MSVCR120D.dll
 0001:00055fb8       _isspace                   10056fb8 f   MSVCRTD:MSVCR120D.dll
 0001:00056040       _NtCurrentTeb              10057040 f i MSVCRTD:crtdll.obj
 0001:00056050       __CRT_INIT@12              10057050 f   MSVCRTD:crtdll.obj
 0001:00056330       __DllMainCRTStartup@12     10057330 f   MSVCRTD:crtdll.obj
 0001:00056520       ?_RTC_GetErrorFunc@@YAP6AHHPBDH00ZZPBX@Z 10057520 f   MSVCRTD:userapi.obj
 0001:00056530       ?_RTC_GetErrorFuncW@@YAP6AHHPB_WH00ZZPBX@Z 10057530 f   MSVCRTD:userapi.obj
 0001:00056540       __RTC_GetErrDesc           10057540 f   MSVCRTD:userapi.obj
 0001:00056560       __RTC_NumErrors            10057560 f   MSVCRTD:userapi.obj
 0001:00056570       __RTC_SetErrorFunc         10057570 f   MSVCRTD:userapi.obj
 0001:00056590       __RTC_SetErrorFuncW        10057590 f   MSVCRTD:userapi.obj
 0001:000565b0       __RTC_SetErrorType         100575b0 f   MSVCRTD:userapi.obj
 0001:000565d4       __CRT_RTC_INITW            100575d4 f   MSVCRTD:MSVCR120D.dll
 0001:000565da       __crt_debugger_hook        100575da f   MSVCRTD:MSVCR120D.dll
 0001:000565e0       ___crtUnhandledException   100575e0 f   MSVCRTD:MSVCR120D.dll
 0001:000565e6       ___crtTerminateProcess     100575e6 f   MSVCRTD:MSVCR120D.dll
 0001:00056a30       ?_RTC_GetSrcLine@@YAHPAEPA_WKPAH1K@Z 10057a30 f   MSVCRTD:pdblkup.obj
 0001:00056ce0       __except_handler4          10057ce0 f   MSVCRTD:chandler4gs.obj
 0001:00056d08       __except1                  10057d08 f   MSVCRTD:MSVCR120D.dll
 0001:00056d0e       ___CppXcptFilter           10057d0e f   MSVCRTD:MSVCR120D.dll
 0001:00056d14       __amsg_exit                10057d14 f   MSVCRTD:MSVCR120D.dll
 0001:00056d1a       __malloc_dbg               10057d1a f   MSVCRTD:MSVCR120D.dll
 0001:00056d20       __free_dbg                 10057d20 f   MSVCRTD:MSVCR120D.dll
 0001:00056d26       __CrtSetCheckCount         10057d26 f   MSVCRTD:MSVCR120D.dll
 0001:00056d30       __FindPESection            10057d30 f   MSVCRTD:pesect.obj
 0001:00056db0       __IsNonwritableInCurrentImage 10057db0 f   MSVCRTD:pesect.obj
 0001:00056ee0       __ValidateImageBase        10057ee0 f   MSVCRTD:pesect.obj
 0001:00056f40       ___atonexitinit            10057f40 f   MSVCRTD:atonexit.obj
 0001:00056ff0       __onexit                   10057ff0 f   MSVCRTD:atonexit.obj
 0001:000570f0       _atexit                    100580f0 f   MSVCRTD:atonexit.obj
 0001:00057120       ___security_init_cookie    10058120 f   MSVCRTD:gs_support.obj
 0001:00057200       _DllMain@12                10058200 f   MSVCRTD:dllmain.obj
 0001:00057230       __RTC_Initialize           10058230 f   MSVCRTD:initsect.obj
 0001:00057260       __RTC_Terminate            10058260 f   MSVCRTD:initsect.obj
 0001:00057286       __initterm                 10058286 f   MSVCRTD:MSVCR120D.dll
 0001:0005728c       __initterm_e               1005828c f   MSVCRTD:MSVCR120D.dll
 0001:000572a0       ___clean_type_info_names   100582a0 f   MSVCRTD:tncleanup.obj
 0001:000572b2       _wcscpy_s                  100582b2 f   MSVCRTD:MSVCR120D.dll
 0001:000572b8       __wmakepath_s              100582b8 f   MSVCRTD:MSVCR120D.dll
 0001:000572be       __wsplitpath_s             100582be f   MSVCRTD:MSVCR120D.dll
 0001:000572c4       __except_handler4_common   100582c4 f   MSVCRTD:MSVCR120D.dll
 0001:000572ca       __lock                     100582ca f   MSVCRTD:MSVCR120D.dll
 0001:000572d0       __unlock                   100582d0 f   MSVCRTD:MSVCR120D.dll
 0001:000572d6       __CrtDbgReportW            100582d6 f   MSVCRTD:MSVCR120D.dll
 0001:000572dc       __calloc_dbg               100582dc f   MSVCRTD:MSVCR120D.dll
 0001:000572e2       ___dllonexit               100582e2 f   MSVCRTD:MSVCR120D.dll
 0001:000572e8       ___clean_type_info_names_internal 100582e8 f   MSVCRTD:MSVCR120D.dll
 0001:000572ee       _IsDebuggerPresent@0       100582ee f   kernel32:KERNEL32.dll
 0001:000572f4       _IsProcessorFeaturePresent@4 100582f4 f   kernel32:KERNEL32.dll
 0001:000572fa       _RaiseException@16         100582fa f   kernel32:KERNEL32.dll
 0001:00057300       _GetProcAddress@8          10058300 f   kernel32:KERNEL32.dll
 0001:00057306       _LoadLibraryExW@12         10058306 f   kernel32:KERNEL32.dll
 0001:0005730c       _MultiByteToWideChar@24    1005830c f   kernel32:KERNEL32.dll
 0001:00057312       _WideCharToMultiByte@32    10058312 f   kernel32:KERNEL32.dll
 0001:00057318       _EncodePointer@4           10058318 f   kernel32:KERNEL32.dll
 0001:0005731e       _DecodePointer@4           1005831e f   kernel32:KERNEL32.dll
 0001:00057324       _HeapAlloc@12              10058324 f   kernel32:KERNEL32.dll
 0001:0005732a       _HeapFree@12               1005832a f   kernel32:KERNEL32.dll
 0001:00057330       _GetProcessHeap@0          10058330 f   kernel32:KERNEL32.dll
 0001:00057336       _VirtualQuery@12           10058336 f   kernel32:KERNEL32.dll
 0001:0005733c       _FreeLibrary@4             1005833c f   kernel32:KERNEL32.dll
 0001:00057342       _GetModuleFileNameW@12     10058342 f   kernel32:KERNEL32.dll
 0001:00057348       _GetModuleHandleW@4        10058348 f   kernel32:KERNEL32.dll
 0001:0005734e       _QueryPerformanceCounter@4 1005834e f   kernel32:KERNEL32.dll
 0001:00057354       _GetCurrentProcessId@0     10058354 f   kernel32:KERNEL32.dll
 0001:0005735a       _GetCurrentThreadId@0      1005835a f   kernel32:KERNEL32.dll
 0001:00057360       _GetSystemTimeAsFileTime@4 10058360 f   kernel32:KERNEL32.dll
 0001:00057366       _DisableThreadLibraryCalls@4 10058366 f   kernel32:KERNEL32.dll
 0001:0005736c       __fileno                   1005836c f   MSVCRTD:MSVCR120D.dll
 0001:00057372       __strdup                   10058372 f   MSVCRTD:MSVCR120D.dll
 0001:00057378       _isatty                    10058378 f   MSVCRTD:MSVCR120D.dll
 0001:00057378       __isatty                   10058378 f   MSVCRTD:MSVCR120D.dll
 0001:0005737e       _mkdir                     1005837e f   MSVCRTD:MSVCR120D.dll
 0001:0005737e       __mkdir                    1005837e f   MSVCRTD:MSVCR120D.dll
 0001:00057384       __unlink                   10058384 f   MSVCRTD:MSVCR120D.dll
 0002:00000000       ___xc_a                    1005a000     MSVCRTD:cinitexe.obj
 0002:00000104       ___xc_z                    1005a104     MSVCRTD:cinitexe.obj
 0002:00000208       ___xi_a                    1005a208     MSVCRTD:cinitexe.obj
 0002:00000514       ___xi_z                    1005a514     MSVCRTD:cinitexe.obj
 0002:00000658       ??_C@_09FBANIHKJ@PowHist?3?6?$AA@ 1005a658     cont_ad_base.obj
 0002:00000664       ??_C@_09DCEBMOIO@?7?$CF3d?5?$CF6d?6?$AA@ 1005a664     cont_ad_base.obj
 0002:00000670       ??_C@_0L@PEDJLIMD@PH?$FL?$CF7?42f?$FN?3?$AA@ 1005a670     cont_ad_base.obj
 0002:00000680       ??_C@_04EJIOOHLH@?5?$CF2d?$AA@ 1005a680     cont_ad_base.obj
 0002:00000688       ??_C@_01EEMJAFIK@?6?$AA@   1005a688     cont_ad_base.obj
 0002:00000690       ??_C@_1MC@JBBENBKD@?$AAu?$AA?3?$AA?2?$AAu?$AAs?$AAe?$AAr?$AAs?$AA?2?$AAy?$AAa?$AAn?$AAn?$AAi?$AAc?$AAk?$AA?2?$AAd?$AAo?$AAc?$AAu?$AAm?$AAe?$AAn?$AAt?$AAs?$AA?2?$AAv?$AAi?$AAs?$AAu?$AAa@ 1005a690     cont_ad_base.obj
 0002:00000778       ??_C@_1O@NBMOLLDE@?$AAi?$AA?5?$AA?$DM?$AA?5?$AA9?$AA7?$AA?$AA@ 1005a778     cont_ad_base.obj
 0002:00000788       ??_C@_0FF@DJGJIAII@?$CF7?42fs?5?$CF8df?3?5NoisePeak?3?5?$CFd?0?5Nois@ 1005a788     cont_ad_base.obj
 0002:000007f0       ??_C@_0DL@FDKCFPGA@?$CF7?42fs?5?$CF8d?$FL?$CF3d?$FNf?3?5Sil?5?9?$DO?5Sp?5dete@ 1005a7f0     cont_ad_base.obj
 0002:00000838       ??_C@_0DJ@IKIKBBGD@?$CF7?42fs?5?$CF8d?$FL?$CF3d?$FNf?3?5Sp?5?9?$DO?5Sil?5dete@ 1005a838     cont_ad_base.obj
 0002:0000087c       ??_C@_1CA@GPJBBLF@?$AAr?$AA?9?$AA?$DO?$AAn?$AA_?$AAo?$AAt?$AAh?$AAe?$AAr?$AA?5?$AA?$DO?$AA?$DN?$AA?5?$AA0?$AA?$AA@ 1005a87c     cont_ad_base.obj
 0002:000008a4       ??_C@_02BAABKJLB@?9?9?$AA@ 1005a8a4     cont_ad_base.obj
 0002:000008a8       ??_C@_02EBHLMPPC@Sp?$AA@   1005a8a8     cont_ad_base.obj
 0002:000008b0       ??_C@_0EB@DCKCECAO@?$CF7?42fs?5?$CF8d?$FL?$CF3d?$FNf?3?5P?3?5?$CF2d?0?5N?3?5?$CF2d@ 1005a8b0     cont_ad_base.obj
 0002:00000900       ??_C@_1DM@EPHBMIMJ@?$AAr?$AA?9?$AA?$DO?$AAw?$AAi?$AAn?$AA_?$AAv?$AAa?$AAl?$AAi?$AAd?$AAf?$AAr?$AAm?$AA?5?$AA?$DN?$AA?$DN?$AA?5?$AAr?$AA?9?$AA?$DO?$AAw?$AAi?$AAn?$AAs?$AAi?$AAz?$AAe?$AA?$AA@ 1005a900     cont_ad_base.obj
 0002:00000948       ??_C@_0CD@EOHGNGDB@return?5from?5cont_ad_read?$CI?$CJ?5?9?$DO?5?$CFd@ 1005a948     cont_ad_base.obj
 0002:00000974       ??_C@_0M@HNJAKEGL@?7state?3?5?$CFd?6?$AA@ 1005a974     cont_ad_base.obj
 0002:00000984       ??_C@_0BG@OIINPNIM@?7read_ts?3?5?$CFd?5?$CI?$CF?42fs?$CJ?6?$AA@ 1005a984     cont_ad_base.obj
 0002:000009a0       ??_C@_0BF@CEKKGOEI@?7seglen?3?5?$CFd?5?$CI?$CF?42fs?$CJ?6?$AA@ 1005a9a0     cont_ad_base.obj
 0002:000009bc       ??_C@_0N@OGOLEEKG@?7siglvl?3?5?$CFd?6?$AA@ 1005a9bc     cont_ad_base.obj
 0002:000009cc       ??_C@_0O@EANFBKPC@?7headfrm?3?5?$CFd?6?$AA@ 1005a9cc     cont_ad_base.obj
 0002:000009dc       ??_C@_0M@DOKOPPKJ@?7n_frm?3?5?$CFd?6?$AA@ 1005a9dc     cont_ad_base.obj
 0002:000009ec       ??_C@_0P@DJOBIMHA@?7n_sample?3?5?$CFd?6?$AA@ 1005a9ec     cont_ad_base.obj
 0002:00000a00       ??_C@_0BD@GJLLEIFJ@?7win_startfrm?3?5?$CFd?6?$AA@ 1005aa00     cont_ad_base.obj
 0002:00000a18       ??_C@_0BD@HAOGPAHE@?7win_validfrm?3?5?$CFd?6?$AA@ 1005aa18     cont_ad_base.obj
 0002:00000a30       ??_C@_0BC@GGKFCDDH@?7noise_level?3?5?$CFd?6?$AA@ 1005aa30     cont_ad_base.obj
 0002:00000a48       ??_C@_0BB@DECGKGNI@?7thresh_sil?3?5?$CFd?6?$AA@ 1005aa48     cont_ad_base.obj
 0002:00000a5c       ??_C@_0BE@DAGJPOOC@?7thresh_speech?3?5?$CFd?6?$AA@ 1005aa5c     cont_ad_base.obj
 0002:00000a74       ??_C@_0O@EENMLOCD@?7n_other?3?5?$CFd?6?$AA@ 1005aa74     cont_ad_base.obj
 0002:00000a84       ??_C@_0BB@DLAKJKNB@?7tail_state?3?5?$CFd?6?$AA@ 1005aa84     cont_ad_base.obj
 0002:00000a98       ??_C@_0O@MLONPMPE@?7tot_frm?3?5?$CFd?6?$AA@ 1005aa98     cont_ad_base.obj
 0002:00000aa8       ??_C@_07IJILGCDI@?7spseg?3?$AA@ 1005aaa8     cont_ad_base.obj
 0002:00000ab4       ??_C@_07PFKPPIIE@?5?$CFd?$FL?$CFd?$FN?$AA@ 1005aab4     cont_ad_base.obj
 0002:00000ac0       ??_C@_1EM@KNENHHCB@?$AA?$CI?$AAs?$AAf?$AA?5?$AA?$DO?$AA?$DN?$AA?5?$AA0?$AA?$CJ?$AA?5?$AA?$CG?$AA?$CG?$AA?5?$AA?$CI?$AAs?$AAf?$AA?5?$AA?$DM?$AA?5?$AAC?$AAO?$AAN?$AAT?$AA_?$AAA?$AAD?$AA_?$AAA?$AAD?$AAF?$AAR?$AAM@ 1005aac0     cont_ad_base.obj
 0002:00000b1c       ??_C@_1BA@PJNMNJFB@?$AAn?$AAf?$AA?5?$AA?$DO?$AA?$DN?$AA?5?$AA0?$AA?$AA@ 1005ab1c     cont_ad_base.obj
 0002:00000b30       ??_C@_0CO@LKMAJOJO@return?5?$CFd?5speech?5frames?5?$FL?$CFd?4?4?$CFd?$FN@ 1005ab30     cont_ad_base.obj
 0002:00000b68       ??_C@_1DO@GCHEIIND@?$AA?$CI?$AAs?$AAf?$AA?5?$AA?$CL?$AA?5?$AAn?$AAf?$AA?$CJ?$AA?5?$AA?$DN?$AA?$DN?$AA?5?$AAC?$AAO?$AAN?$AAT?$AA_?$AAA?$AAD?$AA_?$AAA?$AAD?$AAF?$AAR?$AAM?$AAS?$AAI?$AAZ?$AAE?$AA?$AA@ 1005ab68     cont_ad_base.obj
 0002:00000bb4       ??_C@_1DK@NJOGKKOP@?$AA?$CI?$AAl?$AAe?$AAn?$AA?5?$AA?$DO?$AA?$DN?$AA?5?$AA0?$AA?$CJ?$AA?5?$AA?$CG?$AA?$CG?$AA?5?$AA?$CI?$AAl?$AAe?$AAn?$AA?5?$AA?$DM?$AA?5?$AAr?$AA?9?$AA?$DO?$AAs?$AAp?$AAf?$AA?$CJ?$AA?$AA@ 1005abb4     cont_ad_base.obj
 0002:00000bfc       ??_C@_05MBDEGLCK@ERROR?$AA@ 1005abfc     cont_ad_base.obj
 0002:00000c08       ??_C@_0GB@JJBHMIKH@u?3?2users?2yannick?2documents?2visua@ 1005ac08     cont_ad_base.obj
 0002:00000c7c       ??_C@_0DF@PAKOKJB@cont_ad_read?5requires?5buffer?5of?5@ 1005ac7c     cont_ad_base.obj
 0002:00000cbc       ??_C@_0BF@KBFPHIFL@cont_ad_read?$CI?0?0?5?$CFd?$CJ?6?$AA@ 1005acbc     cont_ad_base.obj
 0002:00000cd8       ??_C@_1CM@KBPAFODD@?$AAr?$AA?9?$AA?$DO?$AAs?$AAp?$AAs?$AAe?$AAg?$AA_?$AAt?$AAa?$AAi?$AAl?$AA?5?$AA?$CB?$AA?$DN?$AA?5?$AAN?$AAU?$AAL?$AAL?$AA?$AA@ 1005acd8     cont_ad_base.obj
 0002:00000d10       ??_C@_1HC@PMNHPFCE@?$AA?$CI?$AAr?$AA?9?$AA?$DO?$AAw?$AAi?$AAn?$AA_?$AAv?$AAa?$AAl?$AAi?$AAd?$AAf?$AAr?$AAm?$AA?5?$AA?$DO?$AA?$DN?$AA?5?$AA0?$AA?$CJ?$AA?5?$AA?$CG?$AA?$CG?$AA?5?$AA?$CI?$AAr?$AA?9?$AA?$DO?$AAw?$AAi@ 1005ad10     cont_ad_base.obj
 0002:00000d98       ??_C@_1EG@FCLLIHJP@?$AAr?$AA?9?$AA?$DO?$AAt?$AAa?$AAi?$AAl?$AA_?$AAs?$AAt?$AAa?$AAt?$AAe?$AA?5?$AA?$DN?$AA?$DN?$AA?5?$AAC?$AAO?$AAN?$AAT?$AA_?$AAA?$AAD?$AA_?$AAS?$AAT?$AAA?$AAT?$AAE?$AA_?$AAS@ 1005ad98     cont_ad_base.obj
 0002:00000df0       ??_C@_1EM@HJNLOHMM@?$AA?$CI?$AAr?$AA?9?$AA?$DO?$AAn?$AA_?$AAf?$AAr?$AAm?$AA?5?$AA?$DO?$AA?$DN?$AA?5?$AA0?$AA?$CJ?$AA?5?$AA?$CG?$AA?$CG?$AA?5?$AA?$CI?$AAr?$AA?9?$AA?$DO?$AAn?$AA_?$AAs?$AAa?$AAm?$AAp?$AAl?$AAe?$AA?5@ 1005adf0     cont_ad_base.obj
 0002:00000e4c       ??_C@_1DI@OHMPDLLC@?$AAr?$AA?9?$AA?$DO?$AAw?$AAi?$AAn?$AA_?$AAv?$AAa?$AAl?$AAi?$AAd?$AAf?$AAr?$AAm?$AA?5?$AA?$DM?$AA?$DN?$AA?5?$AAr?$AA?9?$AA?$DO?$AAn?$AA_?$AAf?$AAr?$AAm?$AA?$AA@ 1005ae4c     cont_ad_base.obj
 0002:00000e90       ??_C@_1CG@NBAFHLCA@?$AAs?$AAe?$AAg?$AA?9?$AA?$DO?$AAs?$AAt?$AAa?$AAr?$AAt?$AAf?$AAr?$AAm?$AA?5?$AA?$DO?$AA?$DN?$AA?5?$AA0?$AA?$AA@ 1005ae90     cont_ad_base.obj
 0002:00000ec0       ??_C@_0DJ@KLIKELAP@cont_ad_set_thresh?3?5invalid?5thre@ 1005aec0     cont_ad_base.obj
 0002:00000f04       ??_C@_0DF@MJPAEJJD@threshold?5arguments?3?5?$CFd?0?5?$CFd?0?5?$CFd?0@ 1005af04     cont_ad_base.obj
 0002:00000f44       ??_C@_0DH@PCAJFJFH@speech_onset?0?5?$CFd?0?5must?5be?5?$DM?$DN?5win@ 1005af44     cont_ad_base.obj
 0002:00000f88       ??_C@_0DE@IMICMPAH@sil_onset?0?5?$CFd?0?5must?5be?5?$DM?$DN?5winsiz@ 1005af88     cont_ad_base.obj
 0002:00000fc8       ??_C@_0ED@GNDNICBD@leader?0?5?$CFd?0?5plus?5trailer?0?5?$CFd?0?5mu@ 1005afc8     cont_ad_base.obj
 0002:00001018       ??_C@_0CH@EDPHFKN@adapt_rate?0?5?$CFe?$DL?5must?5be?5in?5range@ 1005b018     cont_ad_base.obj
 0002:00001048       ??_C@_0CP@GCFBAMMI@cont_ad_get_params?3?5some?5param?5s@ 1005b048     cont_ad_base.obj
 0002:00001080       ??_C@_0N@MILDCCBE@SYSTEM_ERROR?$AA@ 1005b080     cont_ad_base.obj
 0002:00001090       ??_C@_0BP@DFEPOAMG@allocation?5of?5cont_ad_t?5failed?$AA@ 1005b090     cont_ad_base.obj
 0002:000010b8       ??_C@_0CC@CENOFKP@allocation?5of?5audio?5buffer?5faile@ 1005b0b8     cont_ad_base.obj
 0002:000010e0       ??_C@_0CK@LKJIJFFB@allocation?5of?5power?5history?5buff@ 1005b0e0     cont_ad_base.obj
 0002:00001114       ??_C@_0CI@LGAGCBLG@allocation?5of?5frame?5power?5buffer@ 1005b114     cont_ad_base.obj
 0002:00001148       __real@0000000000000000    1005b148     cont_ad_base.obj
 0002:00001154       __real@3e4ccccd            1005b154     cont_ad_base.obj
 0002:00001158       __real@3fe0000000000000    1005b158     cont_ad_base.obj
 0002:00001168       __real@3ff0000000000000    1005b168     cont_ad_base.obj
 0002:00001178       __real@4024000000000000    1005b178     cont_ad_base.obj
 0002:00001184       ??_C@_0BB@KKELAFNN@?$CFs?5error?5?$CFd?3?5?$CFs?6?$AA@ 1005b184     play_win32.obj
 0002:00001198       ??_C@_0BE@GGEDBODN@GlobalAlloc?5failed?6?$AA@ 1005b198     play_win32.obj
 0002:000011b0       ??_C@_0BD@GBBMFMFJ@GlobalLock?5failed?6?$AA@ 1005b1b0     play_win32.obj
 0002:000011c8       ??_C@_0BF@EGJPGBFL@waveOutPrepareHeader?$AA@ 1005b1c8     play_win32.obj
 0002:000011e4       ??_C@_0N@MHNLHPFP@waveOutWrite?$AA@ 1005b1e4     play_win32.obj
 0002:000011f4       ??_C@_0BE@MHNKOJBK@bytes?1sample?5?$CB?$DN?5?$CFd?6?$AA@ 1005b1f4     play_win32.obj
 0002:0000120c       ??_C@_0M@HCKBGJNL@waveOutOpen?$AA@ 1005b20c     play_win32.obj
 0002:0000121c       ??_C@_0N@KAGIFPGI@waveOutClose?$AA@ 1005b21c     play_win32.obj
 0002:0000122c       ??_C@_0BF@MBPEJNIA@calloc?$CI1?0?$CFd?$CJ?5failed?6?$AA@ 1005b22c     play_win32.obj
 0002:00001248       ??_C@_0BG@FFHIENPH@calloc?$CI?$CFd?0?$CFd?$CJ?5failed?6?$AA@ 1005b248     play_win32.obj
 0002:00001264       ??_C@_0BH@DBHJOEGH@waveOutUnprepareHeader?$AA@ 1005b264     play_win32.obj
 0002:00001280       ??_C@_0BE@NJAAFNNK@waveInPrepareHeader?$AA@ 1005b280     rec_win32.obj
 0002:00001298       ??_C@_0BA@JDAABCPE@waveInAddBuffer?$AA@ 1005b298     rec_win32.obj
 0002:000012ac       ??_C@_0L@IBGFAMML@waveInOpen?$AA@ 1005b2ac     rec_win32.obj
 0002:000012bc       ??_C@_0BG@DMIOKOHF@waveInUnprepareHeader?$AA@ 1005b2bc     rec_win32.obj
 0002:000012d8       ??_C@_0M@LNCMILGJ@waveInClose?$AA@ 1005b2d8     rec_win32.obj
 0002:000012e8       ??_C@_0BD@KGLDNCDJ@malloc?$CI?$CFd?$CJ?5failed?6?$AA@ 1005b2e8     rec_win32.obj
 0002:00001300       ??_C@_0CK@PDEEADKC@Allocating?5?$CFd?5buffers?5of?5?$CFd?5samp@ 1005b300     rec_win32.obj
 0002:00001334       ??_C@_0M@CJALCMND@waveInReset?$AA@ 1005b334     rec_win32.obj
 0002:00001344       ??_C@_04CGFJFPFD@none?$AA@ 1005b344     agc.obj
 0002:0000134c       ??_C@_03LJAEFNNE@max?$AA@  1005b34c     agc.obj
 0002:00001350       ??_C@_04PLAINOI@emax?$AA@  1005b350     agc.obj
 0002:00001358       ??_C@_05GPLCCBII@noise?$AA@ 1005b358     agc.obj
 0002:00001364       ??_C@_0M@BBACKHFD@FATAL_ERROR?$AA@ 1005b364     agc.obj
 0002:00001378       ??_C@_0FP@FDPIGEKK@u?3?2users?2yannick?2documents?2visua@ 1005b378     agc.obj
 0002:000013ec       ??_C@_0BH@LEGGPOBC@Unknown?5AGC?5type?5?8?$CFs?8?6?$AA@ 1005b3ec     agc.obj
 0002:00001408       ??_C@_04BEADLPGM@INFO?$AA@ 1005b408     agc.obj
 0002:00001410       ??_C@_0BH@MCEAFJPG@AGCMax?3?5obs?$DNmax?$DN?5?$CF?42f?6?$AA@ 1005b410     agc.obj
 0002:0000142c       ??_C@_0BE@IENMKLEP@AGCEMax?3?5max?$DN?5?$CF?42f?6?$AA@ 1005b42c     agc.obj
 0002:00001444       ??_C@_0BP@OIAAHDDN@AGCEMax?3?5obs?$DN?5?$CF?42f?0?5new?$DN?5?$CF?42f?6?$AA@ 1005b444     agc.obj
 0002:0000146c       ??_C@_0BH@NDDKMGPM@AGC?5NOISE?3?5max?$DN?5?$CF6?43f?6?$AA@ 1005b46c     agc.obj
 0002:00001488       __real@00000000            1005b488     agc.obj
 0002:0000148c       __real@40000000            1005b48c     agc.obj
 0002:00001490       __real@c47a0000            1005b490     agc.obj
 0002:00001494       ??_C@_07LKPDDKMO@current?$AA@ 1005b494     cmn.obj
 0002:000014a0       ??_C@_05NOKBMPNC@prior?$AA@ 1005b4a0     cmn.obj
 0002:000014b0       ??_C@_0FP@KGOKAFNN@u?3?2users?2yannick?2documents?2visua@ 1005b4b0     cmn.obj
 0002:00001524       ??_C@_0BH@IJPLPFGG@Unknown?5CMN?5type?5?8?$CFs?8?6?$AA@ 1005b524     cmn.obj
 0002:00001540       ??_C@_0CB@PBICBCNE@mean?$FL0?$FN?$DN?5?$CF?42f?0?5mean?$FL1?4?4?$CFd?$FN?$DN?50?40?6@ 1005b540     cmn.obj
 0002:00001568       ??_C@_1LO@OMNKNOHB@?$AAu?$AA?3?$AA?2?$AAu?$AAs?$AAe?$AAr?$AAs?$AA?2?$AAy?$AAa?$AAn?$AAn?$AAi?$AAc?$AAk?$AA?2?$AAd?$AAo?$AAc?$AAu?$AAm?$AAe?$AAn?$AAt?$AAs?$AA?2?$AAv?$AAi?$AAs?$AAu?$AAa@ 1005b568     cmn.obj
 0002:0000164c       ??_C@_1BI@NKHGPKGN@?$AAm?$AAf?$AAc?$AA?5?$AA?$CB?$AA?$DN?$AA?5?$AAN?$AAU?$AAL?$AAL?$AA?$AA@ 1005b64c     cmn.obj
 0002:00001668       ??_C@_05KACBNBIM@CMN?3?5?$AA@ 1005b668     cmn.obj
 0002:00001670       ??_C@_06FGKMJCNL@?$CF5?42f?5?$AA@ 1005b670     cmn.obj
 0002:00001678       __real@41400000            1005b678     cmn.obj
 0002:00001680       ??_C@_0GF@OFMAKFME@u?3?2users?2yannick?2documents?2visua@ 1005b680     cmn_prior.obj
 0002:000016fc       ??_C@_0BH@HCKGLAPA@cmn_prior_set?3?5from?5?$DM?5?$AA@ 1005b6fc     cmn_prior.obj
 0002:00001718       ??_C@_02NEKEAGPN@?$DO?6?$AA@ 1005b718     cmn_prior.obj
 0002:0000171c       ??_C@_0BH@BEFMFPOJ@cmn_prior_set?3?5to?5?5?5?$DM?5?$AA@ 1005b71c     cmn_prior.obj
 0002:00001738       ??_C@_0BK@DDHGDOKI@cmn_prior_update?3?5from?5?$DM?5?$AA@ 1005b738     cmn_prior.obj
 0002:00001758       ??_C@_0BK@FFIMNBLB@cmn_prior_update?3?5to?5?5?5?$DM?5?$AA@ 1005b758     cmn_prior.obj
 0002:00001778       ??_C@_0DM@LHBLJJIJ@Variance?5normalization?5not?5imple@ 1005b778     cmn_prior.obj
 0002:000017c0       __real@43fa0000            1005b7c0     cmn_prior.obj
 0002:000017c4       ??_C@_04EBEAAKOA@?$CFd?$CFn?$AA@ 1005b7c4     feat.obj
 0002:000017d0       ??_C@_0GA@FGNNLHEG@u?3?2users?2yannick?2documents?2visua@ 1005b7d0     feat.obj
 0002:00001844       ??_C@_0CD@NDCAEJEM@?8?$CFs?8?3?5Couldn?8t?5read?5int32?5?$EApos?5?$CF@ 1005b844     feat.obj
 0002:00001870       ??_C@_0CI@BBEFEKLI@?8?$CFs?8?3?5Bad?5subrange?5spec?5ending?5?$EA@ 1005b870     feat.obj
 0002:000018a0       ??_C@_0CK@FPDLNPFJ@?8?$CFs?8?3?5Duplicate?5dimension?5ending@ 1005b8a0     feat.obj
 0002:000018d4       ??_C@_0BN@GENHDOHF@?8?$CFs?8?3?5Bad?5delimiter?5?$EApos?5?$CFd?6?$AA@ 1005b8d4     feat.obj
 0002:000018f8       ??_C@_1MA@HKFILGPB@?$AAu?$AA?3?$AA?2?$AAu?$AAs?$AAe?$AAr?$AAs?$AA?2?$AAy?$AAa?$AAn?$AAn?$AAi?$AAc?$AAk?$AA?2?$AAd?$AAo?$AAc?$AAu?$AAm?$AAe?$AAn?$AAt?$AAs?$AA?2?$AAv?$AAi?$AAs?$AAu?$AAa@ 1005b8f8     feat.obj
 0002:000019e0       ??_C@_1BK@ONFNKEEP@?$AA?$CK?$AAs?$AAt?$AAr?$AAp?$AA?5?$AA?$DN?$AA?$DN?$AA?5?$AA?8?$AA?1?$AA?8?$AA?$AA@ 1005b9e0     feat.obj
 0002:00001a00       ??_C@_0BK@FBPGCCJL@?8?$CFs?8?3?50?9length?5subvector?6?$AA@ 1005ba00     feat.obj
 0002:00001a20       ??_C@_1CG@EFFCCJFA@?$AA?$CI?$AAn?$AA2?$AA?5?$AA?$DM?$AA?5?$AA0?$AA?$CJ?$AA?5?$AA?$CG?$AA?$CG?$AA?5?$AA?$CI?$AA?$CB?$AAg?$AAn?$AA2?$AA?$CJ?$AA?$AA@ 1005ba20     feat.obj
 0002:00001a50       ??_C@_1CC@ELJFEBEJ@?$AA?$CI?$AAn?$AA?5?$AA?$DM?$AA?5?$AA0?$AA?$CJ?$AA?5?$AA?$CG?$AA?$CG?$AA?5?$AA?$CI?$AA?$CB?$AAg?$AAn?$AA?$CJ?$AA?$AA@ 1005ba50     feat.obj
 0002:00001a78       ??_C@_0DJ@EGMBHOGO@Subvector?5specifications?5require@ 1005ba78     feat.obj
 0002:00001ac0       ??_C@_0FA@JGAILIIF@Total?5dimensionality?5of?5subvecto@ 1005bac0     feat.obj
 0002:00001b20       ??_C@_17JDBGMLNG@?$AAf?$AAc?$AAb?$AA?$AA@ 1005bb20     feat.obj
 0002:00001b2c       ??_C@_1BA@JOHEKLHK@?$AAn?$AAf?$AAr?$AA?5?$AA?$DO?$AA?5?$AA0?$AA?$AA@ 1005bb2c     feat.obj
 0002:00001b40       ??_C@_1DA@OCIHBDOF@?$AAf?$AAe?$AAa?$AAt?$AA_?$AAd?$AAi?$AAm?$AAe?$AAn?$AAs?$AAi?$AAo?$AAn?$AA?$CI?$AAf?$AAc?$AAb?$AA?$CJ?$AA?5?$AA?$DO?$AA?5?$AA0?$AA?$AA@ 1005bb40     feat.obj
 0002:00001b7c       ??_C@_1DC@KKNMIPBC@?$AAk?$AA?5?$AA?$DO?$AA?$DN?$AA?5?$AAf?$AAe?$AAa?$AAt?$AA_?$AAd?$AAi?$AAm?$AAe?$AAn?$AAs?$AAi?$AAo?$AAn?$AA?$CI?$AAf?$AAc?$AAb?$AA?$CJ?$AA?$AA@ 1005bb7c     feat.obj
 0002:00001bb8       ??_C@_1CC@GNMGOMIK@?$AAk?$AA?5?$AA?$DO?$AA?$DN?$AA?5?$AAf?$AAc?$AAb?$AA?9?$AA?$DO?$AAs?$AAv?$AA_?$AAd?$AAi?$AAm?$AA?$AA@ 1005bbb8     feat.obj
 0002:00001be0       ??_C@_1BA@DABMDKOL@?$AAo?$AAf?$AAr?$AA?5?$AA?$DO?$AA?5?$AA0?$AA?$AA@ 1005bbe0     feat.obj
 0002:00001bf4       ??_C@_1DA@PEBNADIH@?$AAf?$AAe?$AAa?$AAt?$AA_?$AAc?$AAe?$AAp?$AAs?$AAi?$AAz?$AAe?$AA?$CI?$AAf?$AAc?$AAb?$AA?$CJ?$AA?5?$AA?$DN?$AA?$DN?$AA?5?$AA1?$AA3?$AA?$AA@ 1005bbf4     feat.obj
 0002:00001c30       ??_C@_1DA@PMPPMGCF@?$AAf?$AAe?$AAa?$AAt?$AA_?$AAn?$AA_?$AAs?$AAt?$AAr?$AAe?$AAa?$AAm?$AA?$CI?$AAf?$AAc?$AAb?$AA?$CJ?$AA?5?$AA?$DN?$AA?$DN?$AA?5?$AA4?$AA?$AA@ 1005bc30     feat.obj
 0002:00001c6c       ??_C@_1DM@BDHCLCNP@?$AAf?$AAe?$AAa?$AAt?$AA_?$AAs?$AAt?$AAr?$AAe?$AAa?$AAm?$AA_?$AAl?$AAe?$AAn?$AA?$CI?$AAf?$AAc?$AAb?$AA?0?$AA?5?$AA0?$AA?$CJ?$AA?5?$AA?$DN?$AA?$DN?$AA?5?$AA1?$AA2?$AA?$AA@ 1005bc6c     feat.obj
 0002:00001cb4       ??_C@_1DM@FPNPCJEM@?$AAf?$AAe?$AAa?$AAt?$AA_?$AAs?$AAt?$AAr?$AAe?$AAa?$AAm?$AA_?$AAl?$AAe?$AAn?$AA?$CI?$AAf?$AAc?$AAb?$AA?0?$AA?5?$AA1?$AA?$CJ?$AA?5?$AA?$DN?$AA?$DN?$AA?5?$AA2?$AA4?$AA?$AA@ 1005bcb4     feat.obj
 0002:00001cfc       ??_C@_1DK@OLKCMJAL@?$AAf?$AAe?$AAa?$AAt?$AA_?$AAs?$AAt?$AAr?$AAe?$AAa?$AAm?$AA_?$AAl?$AAe?$AAn?$AA?$CI?$AAf?$AAc?$AAb?$AA?0?$AA?5?$AA2?$AA?$CJ?$AA?5?$AA?$DN?$AA?$DN?$AA?5?$AA3?$AA?$AA@ 1005bcfc     feat.obj
 0002:00001d44       ??_C@_1DM@PJPEGPLN@?$AAf?$AAe?$AAa?$AAt?$AA_?$AAs?$AAt?$AAr?$AAe?$AAa?$AAm?$AA_?$AAl?$AAe?$AAn?$AA?$CI?$AAf?$AAc?$AAb?$AA?0?$AA?5?$AA3?$AA?$CJ?$AA?5?$AA?$DN?$AA?$DN?$AA?5?$AA1?$AA2?$AA?$AA@ 1005bd44     feat.obj
[...]
      139    _fe_process_frames
               exported name: fe_process_frames
      140    _fe_process_utt
               exported name: fe_process_utt
      141    _fe_retain
               exported name: fe_retain
      142    _fe_start_utt
               exported name: fe_start_utt
      143    _feat_array_alloc
               exported name: feat_array_alloc
      144    _feat_array_free
               exported name: feat_array_free
      145    _feat_array_realloc
               exported name: feat_array_realloc
      146    _feat_free
               exported name: feat_free
      147    _feat_init
               exported name: feat_init
      148    _feat_lda_transform
               exported name: feat_lda_transform
      149    _feat_print
               exported name: feat_print
      150    _feat_read_lda
               exported name: feat_read_lda
      151    _feat_report
               exported name: feat_report
      152    _feat_retain
               exported name: feat_retain
      153    _feat_s2mfc2feat
               exported name: feat_s2mfc2feat
      154    _feat_s2mfc2feat_live
               exported name: feat_s2mfc2feat_live
      155    _feat_set_subvecs
               exported name: feat_set_subvecs
      156    _floor_nz_1d
               exported name: floor_nz_1d
      157    _floor_nz_3d
               exported name: floor_nz_3d
      158    _fopen_comp
               exported name: fopen_comp
      159    _fopen_compchk
               exported name: fopen_compchk
      160    _fread_line
               exported name: fread_line
      161    _fread_retry
               exported name: fread_retry
      162    _fsg_arciter_free
               exported name: fsg_arciter_free
      163    _fsg_arciter_get
               exported name: fsg_arciter_get
      164    _fsg_arciter_next
               exported name: fsg_arciter_next
      165    _fsg_model_add_alt
               exported name: fsg_model_add_alt
      166    _fsg_model_add_silence
               exported name: fsg_model_add_silence
      167    _fsg_model_arcs
               exported name: fsg_model_arcs
      168    _fsg_model_free
               exported name: fsg_model_free
      169    _fsg_model_init
               exported name: fsg_model_init
      170    _fsg_model_null_trans
               exported name: fsg_model_null_trans
      171    _fsg_model_null_trans_add
               exported name: fsg_model_null_trans_add
      172    _fsg_model_null_trans_closure
               exported name: fsg_model_null_trans_closure
      173    _fsg_model_read
               exported name: fsg_model_read
      174    _fsg_model_readfile
               exported name: fsg_model_readfile
      175    _fsg_model_retain
               exported name: fsg_model_retain
      176    _fsg_model_tag_trans_add
               exported name: fsg_model_tag_trans_add
      177    _fsg_model_trans
               exported name: fsg_model_trans
      178    _fsg_model_trans_add
               exported name: fsg_model_trans_add
      179    _fsg_model_word_add
               exported name: fsg_model_word_add
      180    _fsg_model_word_id
               exported name: fsg_model_word_id
      181    _fsg_model_write
               exported name: fsg_model_write
      182    _fsg_model_write_fsm
               exported name: fsg_model_write_fsm
      183    _fsg_model_write_symtab
               exported name: fsg_model_write_symtab
      184    _fsg_model_writefile
               exported name: fsg_model_writefile
      185    _fsg_model_writefile_fsm
               exported name: fsg_model_writefile_fsm
      186    _fsg_model_writefile_symtab
               exported name: fsg_model_writefile_symtab
      187    _genrand_int31
               exported name: genrand_int31
      188    _genrand_real3
               exported name: genrand_real3
      189    _genrand_res53
               exported name: genrand_res53
      190    _genrand_seed
               exported name: genrand_seed
      191    _glist_add_float32
               exported name: glist_add_float32
      192    _glist_add_float64
               exported name: glist_add_float64
      193    _glist_add_int32
               exported name: glist_add_int32
      194    _glist_add_ptr
               exported name: glist_add_ptr
      195    _glist_add_uint32
               exported name: glist_add_uint32
      196    _glist_count
               exported name: glist_count
      197    _glist_free
               exported name: glist_free
      198    _glist_insert_float32
               exported name: glist_insert_float32
      199    _glist_insert_float64
               exported name: glist_insert_float64
      200    _glist_insert_int32
               exported name: glist_insert_int32
      201    _glist_insert_ptr
               exported name: glist_insert_ptr
      202    _glist_insert_uint32
               exported name: glist_insert_uint32
      203    _glist_reverse
               exported name: glist_reverse
      204    _glist_tail
               exported name: glist_tail
      205    _gnode_free
               exported name: gnode_free
      206    _hash_table_delete
               exported name: hash_table_delete
      207    _hash_table_delete_bkey
               exported name: hash_table_delete_bkey
      208    _hash_table_display
               exported name: hash_table_display
      209    _hash_table_empty
               exported name: hash_table_empty
      210    _hash_table_enter
               exported name: hash_table_enter
      211    _hash_table_enter_bkey
               exported name: hash_table_enter_bkey
      212    _hash_table_free
               exported name: hash_table_free
      213    _hash_table_iter
               exported name: hash_table_iter
      214    _hash_table_iter_free
               exported name: hash_table_iter_free
      215    _hash_table_iter_next
               exported name: hash_table_iter_next
      216    _hash_table_lookup
               exported name: hash_table_lookup
      217    _hash_table_lookup_bkey
               exported name: hash_table_lookup_bkey
      218    _hash_table_lookup_bkey_int32
               exported name: hash_table_lookup_bkey_int32
      219    _hash_table_lookup_int32
               exported name: hash_table_lookup_int32
      220    _hash_table_new
               exported name: hash_table_new
      221    _hash_table_replace
               exported name: hash_table_replace
      222    _hash_table_replace_bkey
               exported name: hash_table_replace_bkey
      223    _hash_table_tolist
               exported name: hash_table_tolist
      224    _heap_destroy
               exported name: heap_destroy
      225    _heap_insert
               exported name: heap_insert
      226    _heap_new
               exported name: heap_new
      227    _heap_pop
               exported name: heap_pop
      228    _heap_remove
               exported name: heap_remove
      229    _heap_size
               exported name: heap_size
      230    _heap_top
               exported name: heap_top
      231    _host_endian
               exported name: host_endian
      232    _huff_code_attach
               exported name: huff_code_attach
      233    _huff_code_build_int
               exported name: huff_code_build_int
      234    _huff_code_build_str
               exported name: huff_code_build_str
      235    _huff_code_decode_int
               exported name: huff_code_decode_int
      236    _huff_code_decode_str
               exported name: huff_code_decode_str
      237    _huff_code_detach
               exported name: huff_code_detach
      238    _huff_code_dump
               exported name: huff_code_dump
      239    _huff_code_encode_int
               exported name: huff_code_encode_int
      240    _huff_code_encode_str
               exported name: huff_code_encode_str
      241    _huff_code_free
               exported name: huff_code_free
      242    _huff_code_read
               exported name: huff_code_read
      243    _huff_code_retain
               exported name: huff_code_retain
      244    _huff_code_write
               exported name: huff_code_write
      245    _invert
               exported name: invert
      246    _jsgf_build_fsg
               exported name: jsgf_build_fsg
      247    _jsgf_build_fsg_raw
               exported name: jsgf_build_fsg_raw
      248    _jsgf_get_rule
               exported name: jsgf_get_rule
      249    _jsgf_grammar_free
               exported name: jsgf_grammar_free
      250    _jsgf_grammar_name
               exported name: jsgf_grammar_name
      251    _jsgf_grammar_new
               exported name: jsgf_grammar_new
      252    _jsgf_parse_file
               exported name: jsgf_parse_file
      253    _jsgf_read_file
               exported name: jsgf_read_file
      254    _jsgf_rule_iter
               exported name: jsgf_rule_iter
      255    _jsgf_rule_name
               exported name: jsgf_rule_name
      256    _jsgf_rule_public
               exported name: jsgf_rule_public
      257    _jsgf_write_fsg
               exported name: jsgf_write_fsg
      258    _lcase
               exported name: lcase
      259    _lineiter_free
               exported name: lineiter_free
      260    _lineiter_lineno
               exported name: lineiter_lineno
      261    _lineiter_next
               exported name: lineiter_next
      262    _lineiter_start
               exported name: lineiter_start
      263    _lineiter_start_clean
               exported name: lineiter_start_clean
      264    _listelem_alloc_free
               exported name: listelem_alloc_free
      265    _listelem_alloc_init
               exported name: listelem_alloc_init
      266    _listelem_get_item
               exported name: listelem_get_item
      267    _listelem_stats
               exported name: listelem_stats
      268    _logmath_add
               exported name: logmath_add
      269    _logmath_add_exact
               exported name: logmath_add_exact
      270    _logmath_exp
               exported name: logmath_exp
      271    _logmath_free
               exported name: logmath_free
      272    _logmath_get_base
               exported name: logmath_get_base
      273    _logmath_get_shift
               exported name: logmath_get_shift
      274    _logmath_get_table_shape
               exported name: logmath_get_table_shape
      275    _logmath_get_width
               exported name: logmath_get_width
      276    _logmath_get_zero
               exported name: logmath_get_zero
      277    _logmath_init
               exported name: logmath_init
      278    _logmath_ln_to_log
               exported name: logmath_ln_to_log
      279    _logmath_log
               exported name: logmath_log
      280    _logmath_log10_to_log
               exported name: logmath_log10_to_log
      281    _logmath_log_to_ln
               exported name: logmath_log_to_ln
      282    _logmath_log_to_log10
               exported name: logmath_log_to_log10
      283    _logmath_read
               exported name: logmath_read
      284    _logmath_retain
               exported name: logmath_retain
      285    _logmath_write
               exported name: logmath_write
      286    _matrixadd
               exported name: matrixadd
      287    _matrixmultiply
               exported name: matrixmultiply
      288    _mmio_file_ptr
               exported name: mmio_file_ptr
      289    _mmio_file_read
               exported name: mmio_file_read
      290    _mmio_file_unmap
               exported name: mmio_file_unmap
      291    _nextword
               exported name: nextword
      292    _ngram_bg_score
               exported name: ngram_bg_score
      293    _ngram_file_name_to_type
               exported name: ngram_file_name_to_type
      294    _ngram_iter
               exported name: ngram_iter
      295    _ngram_iter_free
               exported name: ngram_iter_free
      296    _ngram_iter_get
               exported name: ngram_iter_get
      297    _ngram_iter_next
               exported name: ngram_iter_next
      298    _ngram_iter_successors
               exported name: ngram_iter_successors
      299    _ngram_model_add_class
               exported name: ngram_model_add_class
      300    _ngram_model_add_class_word
               exported name: ngram_model_add_class_word
      301    _ngram_model_add_word
               exported name: ngram_model_add_word
      302    _ngram_model_apply_weights
               exported name: ngram_model_apply_weights
      303    _ngram_model_casefold
               exported name: ngram_model_casefold
      304    _ngram_model_flush
               exported name: ngram_model_flush
      305    _ngram_model_free
               exported name: ngram_model_free
      306    _ngram_model_get_counts
               exported name: ngram_model_get_counts
      307    _ngram_model_get_size
               exported name: ngram_model_get_size
      308    _ngram_model_get_weights
               exported name: ngram_model_get_weights
      309    _ngram_model_mgrams
               exported name: ngram_model_mgrams
      310    _ngram_model_read
               exported name: ngram_model_read
      311    _ngram_model_read_classdef
               exported name: ngram_model_read_classdef
      312    _ngram_model_recode
               exported name: ngram_model_recode
      313    _ngram_model_retain
               exported name: ngram_model_retain
      314    _ngram_model_set_add
               exported name: ngram_model_set_add
      315    _ngram_model_set_count
               exported name: ngram_model_set_count
      316    _ngram_model_set_current
               exported name: ngram_model_set_current
      317    _ngram_model_set_current_wid
               exported name: ngram_model_set_current_wid
      318    _ngram_model_set_init
               exported name: ngram_model_set_init
      319    _ngram_model_set_interp
               exported name: ngram_model_set_interp
      320    _ngram_model_set_iter
               exported name: ngram_model_set_iter
      321    _ngram_model_set_iter_free
               exported name: ngram_model_set_iter_free
      322    _ngram_model_set_iter_model
               exported name: ngram_model_set_iter_model
      323    _ngram_model_set_iter_next
               exported name: ngram_model_set_iter_next
      324    _ngram_model_set_known_wid
               exported name: ngram_model_set_known_wid
      325    _ngram_model_set_lookup
               exported name: ngram_model_set_lookup
      326    _ngram_model_set_map_words
               exported name: ngram_model_set_map_words
      327    _ngram_model_set_read
               exported name: ngram_model_set_read
      328    _ngram_model_set_remove
               exported name: ngram_model_set_remove
      329    _ngram_model_set_select
               exported name: ngram_model_set_select
      330    _ngram_model_write
               exported name: ngram_model_write
      331    _ngram_ng_iter
               exported name: ngram_ng_iter
      332    _ngram_ng_prob
               exported name: ngram_ng_prob
      333    _ngram_ng_score
               exported name: ngram_ng_score
      334    _ngram_prob
               exported name: ngram_prob
      335    _ngram_score
               exported name: ngram_score
      336    _ngram_score_to_prob
               exported name: ngram_score_to_prob
      337    _ngram_str_to_type
               exported name: ngram_str_to_type
      338    _ngram_tg_score
               exported name: ngram_tg_score
      339    _ngram_type_to_str
               exported name: ngram_type_to_str
      340    _ngram_unknown_wid
               exported name: ngram_unknown_wid
      341    _ngram_wid
               exported name: ngram_wid
      342    _ngram_word
               exported name: ngram_word
      343    _ngram_zero
               exported name: ngram_zero
      344    _norm_3d
               exported name: norm_3d
      345    _outerproduct
               exported name: outerproduct
      346    _parse_subvecs
               exported name: parse_subvecs
      347    _path2basename
               exported name: path2basename
      348    _path2dirname
               exported name: path2dirname
      349    _path_is_absolute
               exported name: path_is_absolute
      350    _pctr_free
               exported name: pctr_free
      351    _pctr_increment
               exported name: pctr_increment
      352    _pctr_new
               exported name: pctr_new
      353    _pctr_print
               exported name: pctr_print
      354    _pctr_reset
               exported name: pctr_reset
      355    _print_appl_info
               exported name: print_appl_info
      356    _ptmr_init
               exported name: ptmr_init
      357    _ptmr_print_all
               exported name: ptmr_print_all
      358    _ptmr_reset
               exported name: ptmr_reset
      359    _ptmr_reset_all
               exported name: ptmr_reset_all
      360    _ptmr_start
               exported name: ptmr_start
      361    _ptmr_stop
               exported name: ptmr_stop
      362    _sbevent_free
               exported name: sbevent_free
      363    _sbevent_init
               exported name: sbevent_init
      364    _sbevent_signal
               exported name: sbevent_signal
      365    _sbevent_wait
               exported name: sbevent_wait
      366    _sbmsgq_free
               exported name: sbmsgq_free
      367    _sbmsgq_init
               exported name: sbmsgq_init
      368    _sbmsgq_send
               exported name: sbmsgq_send
      369    _sbmsgq_wait
               exported name: sbmsgq_wait
      370    _sbmtx_free
               exported name: sbmtx_free
      371    _sbmtx_init
               exported name: sbmtx_init
      372    _sbmtx_lock
               exported name: sbmtx_lock
      373    _sbmtx_trylock
               exported name: sbmtx_trylock
      374    _sbmtx_unlock
               exported name: sbmtx_unlock
      375    _sbthread_arg
               exported name: sbthread_arg
      376    _sbthread_config
               exported name: sbthread_config
      377    _sbthread_free
               exported name: sbthread_free
      378    _sbthread_msgq
               exported name: sbthread_msgq
      379    _sbthread_send
               exported name: sbthread_send
      380    _sbthread_start
               exported name: sbthread_start
      381    _sbthread_wait
               exported name: sbthread_wait
      382    _scalarmultiply
               exported name: scalarmultiply
      383    _solve
               exported name: solve
      384    _stat_mtime
               exported name: stat_mtime
      385    _stat_retry
               exported name: stat_retry
      386    _str2words
               exported name: str2words
      387    _strcmp_nocase
               exported name: strcmp_nocase
      388    _string_join
               exported name: string_join
      389    _string_trim
               exported name: string_trim
      390    _strip_fileext
               exported name: strip_fileext
      391    _strncmp_nocase
               exported name: strncmp_nocase
      392    _subvecs_free
               exported name: subvecs_free
      393    _ucase
               exported name: ucase
      394    _unlimit
               exported name: unlimit
      395    _yin_end
               exported name: yin_end
      396    _yin_free
               exported name: yin_free
      397    _yin_init
               exported name: yin_init
      398    _yin_read
               exported name: yin_read
      399    _yin_start
               exported name: yin_start
      400    _yin_write
               exported name: yin_write
